ï¿½x<ÏÑ¥ï¿½ï¿½ï¿½Rï¿½ï¿½ï¿½ï¿½ï¿½ï¿½ï¿½ï¿½ï¿½ï¿½ï¿½Ò¢ï¿½Ò’ï¿½Ú´j5RÚ´Úšï¿½j%ï¿½Bï¿½ï¿½Jï¿½ï¿½ï¿½ï¿½jUï¿½Ñ¥ï¿½ï¿½É•ï¿½ï¿½ï¿½ï¿½ï¿½ï¿½ï¿½ï¿½ï¿½ï¿½mï¿½ï¿½j5RÚ´Úšï¿½j%ï¿½Bï¿½ï¿½Jï¿½ï¿½ï¿½ï¿½ï¿½ï¿½ï¿½ï¿½ï¿½ï¿½Ù¥Í¥ï¿½ï¿½ï¿½ï¿½ï¿½rï¿½Ú´j5RÚ´Úšï¿½j%ï¿½Bï¿½ï¿½Jï¿½ï¿½Ñ¹*ï¿½ï¿½Í’ï¿½ï¿½ï¿½
iWV$$HHï¿½ï¿½: 40MHz[0m
[0;32mI (74) boot.esp32: SPI Mode       : DIO[0m
[0;32mI (78) boot.esp32: SPI Flash Size : 4MB[0m
[0;32mI (83) boot: Enabling RNG early entropy source...[0m
[0;32mI (88) boot: Partition Table:[0m
[0;32mI (92) boot: ## Label            Usage          Type ST Offset   Length[0m
[0;32mI (99) boot:  0 nvs              WiFi data        01 02 0000d000 00004000[0m
[0;32mI (107) boot:  1 otadata          OTA data         01 00 00011000 00002000[0m
[0;32mI (114) boot:  2 phy_init         RF data          01 01 00013000 00001000[0m
[0;32mI (122) boot:  3 ota_0            OTA app          00 10 00020000 00150000[0m
[0;32mI (129) boot:  4 ota_1            OTA app          00 11 00170000 00150000[0m
[0;32mI (137) boot: End of partition table[0m
[0;32mI (141) esp_image: segment 0: paddr=00020020 vaddr=3f400020 size=2fe58h (196184) map[0m
[0;32mI (217) esp_image: segment 1: paddr=0004fe80 vaddr=3ffb0000 size=00198h (   408) load[0m
[0;32mI (217) esp_image: segment 2: paddr=00050020 vaddr=400d0020 size=c1ea4h (794276) map[0m
[0;32mI (495) esp_image: segment 3: paddr=00111ecc vaddr=3ffb0198 size=05500h ( 21760) load[0m
[0;32mI (503) esp_image: segment 4: paddr=001173d4 vaddr=40080000 size=1f028h (127016) load[0m
[0;32mI (569) boot: Loaded app from partition at offset 0x20000[0m
[0;32mI (569) boot: Disabling RNG early entropy source...[0m
[0;32mI (581) quad_psram: This chip is ESP32-D0WD[0m
[0;32mI (583) esp_psram: Found 8MB PSRAM device[0m
[0;32mI (583) esp_psram: Speed: 40MHz[0m
[0;32mI (585) esp_psram: PSRAM initialized, cache is in low/high (2-core) mode.[0m
[0;33mW (592) esp_psram: Virtual address not enough for PSRAM, map as much as we can. 4MB is mapped[0m
[0;32mI (601) cpu_start: Multicore app[0m
[0;32mI (1508) esp_psram: SPI SRAM memory test OK[0m
[0;32mI (1516) cpu_start: Pro cpu start user code[0m
[0;32mI (1516) cpu_start: cpu freq: 160000000 Hz[0m
[0;32mI (1516) app_init: Application information:[0m
[0;32mI (1519) app_init: Project name:     esp32_sentry[0m
[0;32mI (1525) app_init: App version:      v5.3.2-dirty[0m
[0;32mI (1530) app_init: Compile time:     Jul 29 2025 01:44:12[0m
[0;32mI (1536) app_init: ELF file SHA256:  4e6c935f7...[0m
[0;32mI (1542) app_init: ESP-IDF:          v5.3.2-dirty[0m
[0;32mI (1547) efuse_init: Min chip rev:     v0.0[0m
[0;32mI (1552) efuse_init: Max chip rev:     v3.99 [0m
[0;32mI (1557) efuse_init: Chip rev:         v1.0[0m
[0;32mI (1562) heap_init: Initializing. RAM available for dynamic allocation:[0m
[0;32mI (1569) heap_init: At 3FFAE6E0 len 00001920 (6 KiB): DRAM[0m
[0;32mI (1575) heap_init: At 3FFBBFA0 len 00024060 (144 KiB): DRAM[0m
[0;32mI (1581) heap_init: At 3FFE0440 len 00003AE0 (14 KiB): D/IRAM[0m
[0;32mI (1588) heap_init: At 3FFE4350 len 0001BCB0 (111 KiB): D/IRAM[0m
[0;32mI (1594) heap_init: At 4009F028 len 00000FD8 (3 KiB): IRAM[0m
[0;32mI (1601) esp_psram: Adding pool of 4096K of PSRAM memory to heap allocator[0m
[0;32mI (1610) spi_flash: detected chip: generic[0m
[0;32mI (1613) spi_flash: flash io: dio[0m
[0;33mW (1617) i2c: This driver is an old driver, please migrate your application code to adapt `driver/i2c_master.h`[0m
[0;32mI (1629) main_task: Started on CPU0[0m
[0;32mI (1639) esp_psram: Reserving pool of 32K of internal memory for DMA/internal allocations[0m
[0;32mI (1639) main_task: Calling app_main()[0m
[0;32mI (1639) main_app: App starting. Initializing NVS...[0m
[0;31mE (1669) task_wdt: esp_task_wdt_init(515): TWDT already initialized[0m
[0;32mI (1679) wifi:wifi driver task: 3ffcbe28, prio:23, stack:6656, core=0[0m
[0;32mI (1679) wifi:wifi firmware version: b0fd6006b[0m
[0;32mI (1679) wifi:wifi certification version: v7.0[0m
[0;32mI (1679) wifi:config NVS flash: enabled[0m
[0;32mI (1679) wifi:config nano formating: disabled[0m
[0;32mI (1689) wifi:Init data frame dynamic rx buffer num: 32[0m
[0;32mI (1689) wifi:Init static rx mgmt buffer num: 5[0m
[0;32mI (1699) wifi:Init management short buffer num: 32[0m
[0;32mI (1699) wifi:Init static tx buffer num: 16[0m
[0;32mI (1709) wifi:Init tx cache buffer num: 32[0m
[0;32mI (1709) wifi:Init static rx buffer size: 1600[0m
[0;32mI (1709) wifi:Init static rx buffer num: 10[0m
[0;32mI (1719) wifi:Init dynamic rx buffer num: 32[0m
[0;32mI (1719) wifi_init: rx ba win: 6[0m
[0;32mI (1719) wifi_init: accept mbox: 6[0m
[0;32mI (1729) wifi_init: tcpip mbox: 32[0m
[0;32mI (1729) wifi_init: udp mbox: 6[0m
[0;32mI (1739) wifi_init: tcp mbox: 6[0m
[0;32mI (1739) wifi_init: tcp tx win: 5760[0m
[0;32mI (1739) wifi_init: tcp rx win: 5760[0m
[0;32mI (1749) wifi_init: tcp mss: 1440[0m
[0;32mI (1749) wifi_init: WiFi IRAM OP enabled[0m
[0;32mI (1759) wifi_init: WiFi RX IRAM OP enabled[0m
[0;32mI (1759) wifi:Set ps type: 0, coexist: 0[0m

[0;32mI (1769) phy_init: phy_version 4840,02e0d70,Sep  2 2024,19:39:07[0m
[0;32mI (1849) wifi:mode : sta (bc:dd:c2:c1:a0:d0)[0m
[0;32mI (1849) wifi:enable tsf[0m
[0;32mI (1859) main_app: OTA/diag server started on port 80[0m
[0;32mI (1859) gpio: GPIO[33]| InputEn: 0| OutputEn: 0| OpenDrain: 0| Pullup: 1| Pulldown: 0| Intr:0 [0m
[0;32mI (1859) enhanced_ota: OTA/diag endpoints registered on shared HTTP server[0m
[0;32mI (1869) esp32-cam Webserver: Camera server started on port 81[0m
[0;32mI (1869) esp32-cam Webserver: Initializing camera...[0m
[0;32mI (1879) main_app: Heap(8bit)=4309847  PSRAM=4191340[0m
[0;32mI (1889) gpio: GPIO[25]| InputEn: 1| OutputEn: 0| OpenDrain: 0| Pullup: 1| Pulldown: 0| Intr:2 [0m
[0;32mI (1899) cam_hal: cam init ok[0m
[0;32mI (1899) sccb: pin_sda 26 pin_scl 27[0m
[0;32mI (1899) sccb: sccb_i2c_port=1[0m
[0;32mI (1909) gpio: GPIO[32]| InputEn: 0| OutputEn: 1| OpenDrain: 0| Pullup: 0| Pulldown: 0| Intr:0 [0m
[0;32mI (1949) camera: Detected camera at address=0x30[0m
[0;32mI (1949) camera: Detected OV2640 camera[0m
[0;32mI (1949) camera: Camera PID=0x26 VER=0x42 MIDL=0x7f MIDH=0xa2[0m
ï¿½ets Jun  8 2016 00:22:57

rst:0x3 (SW_RESET),boot:0x13 (SPI_FAST_FLASH_BOOT)
configsip: 0, SPIWP:0xee
clk_drv:0x00,q_drv:0x00,d_drv:0x00,cs0_drv:0x00,hd_drv:0x00,wp_drv:0x00
mode:DIO, clock div:2
load:0x3fff0030,len:7176
load:0x40078000,len:15648
load:0x40080400,len:4
ho 8 tail 4 room 4
load:0x40080404,len:3904
entry 0x40080640
[0;32mI (60) boot: ESP-IDF v5.3.2-dirty 2nd stage bootloader[0m
[0;32mI (60) boot: compile time Jul 29 2025 01:43:21[0m
[0;32mI (60) boot: Multicore bootloader[0m
[0;32mI (65) boot: chip revision: v1.0[0m
[0;32mI (69) boot.esp32: SPI Speed      : 40MHz[0m
[0;32mI (74) boot.esp32: SPI Mode       : DIO[0m
[0;32mI (78) boot.esp32: SPI Flash Size : 4MB[0m
[0;32mI (83) boot: Enabling RNG early entropy source...[0m
[0;32mI (88) boot: Partition Table:[0m
[0;32mI (92) boot: ## Label            Usage          Type ST Offset   Length[0m
[0;32mI (99) boot:  0 nvs              WiFi data        01 02 0000d000 00004000[0m
[0;32mI (107) boot:  1 otadata          OTA data         01 00 00011000 00002000[0m
[0;32mI (114) boot:  2 phy_init         RF data          01 01 00013000 00001000[0m
[0;32mI (122) boot:  3 ota_0            OTA app          00 10 00020000 00150000[0m
[0;32mI (129) boot:  4 ota_1            OTA app          00 11 00170000 00150000[0m
[0;32mI (137) boot: End of partition table[0m
[0;32mI (141) esp_image: segment 0: paddr=00020020 vaddr=3f400020 size=2fe58h (196184) map[0m
[0;32mI (217) esp_image: segment 1: paddr=0004fe80 vaddr=3ffb0000 size=00198h (   408) load[0m
[0;32mI (217) esp_image: segment 2: paddr=00050020 vaddr=400d0020 size=c1ea4h (794276) map[0m
[0;32mI (495) esp_image: segment 3: paddr=00111ecc vaddr=3ffb0198 size=05500h ( 21760) load[0m
[0;32mI (503) esp_image: segment 4: paddr=001173d4 vaddr=40080000 size=1f028h (127016) load[0m
[0;32mI (569) boot: Loaded app from partition at offset 0x20000[0m
[0;32mI (569) boot: Disabling RNG early entropy source...[0m
[0;32mI (581) quad_psram: This chip is ESP32-D0WD[0m
[0;32mI (583) esp_psram: Found 8MB PSRAM device[0m
[0;32mI (583) esp_psram: Speed: 40MHz[0m
[0;32mI (585) esp_psram: PSRAM initialized, cache is in low/high (2-core) mode.[0m
[0;33mW (592) esp_psram: Virtual address not enough for PSRAM, map as much as we can. 4MB is mapped[0m
[0;32mI (601) cpu_start: Multicore app[0m
[0;32mI (1508) esp_psram: SPI SRAM memory test OK[0m
[0;32mI (1516) cpu_start: Pro cpu start user code[0m
[0;32mI (1516) cpu_start: cpu freq: 160000000 Hz[0m
[0;32mI (1516) app_init: Application information:[0m
[0;32mI (1519) app_init: Project name:     esp32_sentry[0m
[0;32mI (1525) app_init: App version:      v5.3.2-dirty[0m
[0;32mI (1530) app_init: Compile time:     Jul 29 2025 01:44:12[0m
[0;32mI (1536) app_init: ELF file SHA256:  4e6c935f7...[0m
[0;32mI (1542) app_init: ESP-IDF:          v5.3.2-dirty[0m
[0;32mI (1547) efuse_init: Min chip rev:     v0.0[0m
[0;32mI (1552) efuse_init: Max chip rev:     v3.99 [0m
[0;32mI (1557) efuse_init: Chip rev:         v1.0[0m
[0;32mI (1562) heap_init: Initializing. RAM available for dynamic allocation:[0m
[0;32mI (1569) heap_init: At 3FFAE6E0 len 00001920 (6 KiB): DRAM[0m
[0;32mI (1575) heap_init: At 3FFBBFA0 len 00024060 (144 KiB): DRAM[0m
[0;32mI (1581) heap_init: At 3FFE0440 len 00003AE0 (14 KiB): D/IRAM[0m
[0;32mI (1588) heap_init: At 3FFE4350 len 0001BCB0 (111 KiB): D/IRAM[0m
[0;32mI (1594) heap_init: At 4009F028 len 00000FD8 (3 KiB): IRAM[0m
[0;32mI (1601) esp_psram: Adding pool of 4096K of PSRAM memory to heap allocator[0m
[0;32mI (1610) spi_flash: detected chip: generic[0m
[0;32mI (1613) spi_flash: flash io: dio[0m
[0;33mW (1617) i2c: This driver is an old driver, please migrate your application code to adapt `driver/i2c_master.h`[0m
[0;32mI (1629) main_task: Started on CPU0[0m
[0;32mI (1639) esp_psram: Reserving pool of 32K of internal memory for DMA/internal allocations[0m
[0;32mI (1639) main_task: Calling app_main()[0m
[0;32mI (1639) main_app: App starting. Initializing NVS...[0m
[0;31mE (1669) task_wdt: esp_task_wdt_init(515): TWDT already initialized[0m
[0;32mI (1679) wifi:wifi driver task: 3ffcbe28, prio:23, stack:6656, core=0[0m
[0;32mI (1679) wifi:wifi firmware version: b0fd6006b[0m
[0;32mI (1679) wifi:wifi certification version: v7.0[0m
[0;32mI (1679) wifi:config NVS flash: enabled[0m
[0;32mI (1679) wifi:config nano formating: disabled[0m
[0;32mI (1689) wifi:Init data frame dynamic rx buffer num: 32[0m
[0;32mI (1689) wifi:Init static rx mgmt buffer num: 5[0m
[0;32mI (1699) wifi:Init management short buffer num: 32[0m
[0;32mI (1699) wifi:Init static tx buffer num: 16[0m
[0;32mI (1709) wifi:Init tx cache buffer num: 32[0m
[0;32mI (1709) wifi:Init static rx buffer size: 1600[0m
[0;32mI (1709) wifi:Init static rx buffer num: 10[0m
[0;32mI (1719) wifi:Init dynamic rx buffer num: 32[0m
[0;32mI (1719) wifi_init: rx ba win: 6[0m
[0;32mI (1719) wifi_init: accept mbox: 6[0m
[0;32mI (1729) wifi_init: tcpip mbox: 32[0m
[0;32mI (1729) wifi_init: udp mbox: 6[0m
[0;32mI (1739) wifi_init: tcp mbox: 6[0m
[0;32mI (1739) wifi_init: tcp tx win: 5760[0m
[0;32mI (1739) wifi_init: tcp rx win: 5760[0m
[0;32mI (1749) wifi_init: tcp mss: 1440[0m
[0;32mI (1749) wifi_init: WiFi IRAM OP enabled[0m
[0;32mI (1759) wifi_init: WiFi RX IRAM OP enabled[0m
[0;32mI (1759) wifi:Set ps type: 0, coexist: 0[0m

[0;32mI (1769) phy_init: phy_version 4840,02e0d70,Sep  2 2024,19:39:07[0m
[0;32mI (1839) wifi:mode : sta (bc:dd:c2:c1:a0:d0)[0m
[0;32mI (1839) wifi:enable tsf[0m
[0;32mI (1849) main_app: OTA/diag server started on port 80[0m
[0;32mI (1849) gpio: GPIO[33]| InputEn: 0| OutputEn: 0| OpenDrain: 0| Pullup: 1| Pulldown: 0| Intr:0 [0m
[0;32mI (1859) enhanced_ota: OTA/diag endpoints registered on shared HTTP server[0m
[0;32mI (1869) esp32-cam Webserver: Camera server started on port 81[0m
[0;32mI (1869) esp32-cam Webserver: Initializing camera...[0m
[0;32mI (1879) main_app: Heap(8bit)=4309847  PSRAM=4191340[0m
[0;32mI (1879) gpio: GPIO[25]| InputEn: 1| OutputEn: 0| OpenDrain: 0| Pullup: 1| Pulldown: 0| Intr:2 [0m
[0;32mI (1889) cam_hal: cam init ok[0m
[0;32mI (1899) sccb: pin_sda 26 pin_scl 27[0m
[0;32mI (1899) sccb: sccb_i2c_port=1[0m
[0;32mI (1909) gpio: GPIO[32]| InputEn: 0| OutputEn: 1| OpenDrain: 0| Pullup: 0| Pulldown: 0| Intr:0 [0m
[0;32mI (1939) camera: Detected camera at address=0x30[0m
[0;32mI (1939) camera: Detected OV2640 camera[0m
[0;32mI (1939) camera: Camera PID=0x26 VER=0x42 MIDL=0x7f MIDH=0xa2[0m
[0;32mI (2029) cam_hal: buffer_size: 32768, half_buffer_size: 4096, node_buffer_size: 2048, node_cnt: 16, total_cnt: 23[0m
[0;32mI (2029) cam_hal: Allocating 96000 Byte frame buffer in PSRAM[0m
[0;32mI (2039) cam_hal: cam config ok[0m
[0;32mI (2039) ov2640: Set PLL: clk_2x: 0, clk_div: 0, pclk_auto: 0, pclk_div: 8[0m
[0;32mI (2139) main_app: App running. camera_init_ok=1, camera_server_ok=1[0m
[0;32mI (2139) main_task: Returned from app_main()[0m
[0;32mI (3069) wifi:new:<11,0>, old:<1,0>, ap:<255,255>, sta:<11,0>, prof:1, snd_ch_cfg:0x0[0m
[0;32mI (3069) wifi:state: init -> auth (0xb0)[0m
ï¿½ets Jun  8 2016 00:22:57

rst:0x3 (SW_RESET),boot:0x13 (SPI_FAST_FLASH_BOOT)
configsip: 0, SPIWP:0xee
clk_drv:0x00,q_drv:0x00,d_drv:0x00,cs0_drv:0x00,hd_drv:0x00,wp_drv:0x00
mode:DIO, clock div:2
load:0x3fff0030,len:7176
load:0x40078000,len:15648
load:0x40080400,len:4
ho 8 tail 4 room 4
load:0x40080404,len:3904
entry 0x40080640
[0;32mI (60) boot: ESP-IDF v5.3.2-dirty 2nd stage bootloader[0m
[0;32mI (60) boot: compile time Jul 29 2025 01:43:21[0m
[0;32mI (60) boot: Multicore bootloader[0m
[0;32mI (65) boot: chip revision: v1.0[0m
[0;32mI (69) boot.esp32: SPI Speed      : 40MHz[0m
[0;32mI (74) boot.esp32: SPI Mode       : DIO[0m
[0;32mI (78) boot.esp32: SPI Flash Size : 4MB[0m
[0;32mI (83) boot: Enabling RNG early entropy source...[0m
[0;32mI (88) boot: Partition Table:[0m
[0;32mI (92) boot: ## Label            Usage          Type ST Offset   Length[0m
[0;32mI (99) boot:  0 nvs              WiFi data        01 02 0000d000 00004000[0m
[0;32mI (107) boot:  1 otadata          OTA data         01 00 00011000 00002000[0m
[0;32mI (114) boot:  2 phy_init         RF data          01 01 00013000 00001000[0m
[0;32mI (122) boot:  3 ota_0            OTA app          00 10 00020000 00150000[0m
[0;32mI (129) boot:  4 ota_1            OTA app          00 11 00170000 00150000[0m
[0;32mI (137) boot: End of partition table[0m
[0;32mI (141) esp_image: segment 0: paddr=00020020 vaddr=3f400020 size=2fe58h (196184) map[0m
[0;32mI (217) esp_image: segment 1: paddr=0004fe80 vaddr=3ffb0000 size=00198h (   408) load[0m
[0;32mI (217) esp_image: segment 2: paddr=00050020 vaddr=400d0020 size=c1ea4h (794276) map[0m
[0;32mI (495) esp_image: segment 3: paddr=00111ecc vaddr=3ffb0198 size=05500h ( 21760) load[0m
[0;32mI (503) esp_image: segment 4: paddr=001173d4 vaddr=40080000 size=1f028h (127016) load[0m
[0;32mI (569) boot: Loaded app from partition at offset 0x20000[0m
[0;32mI (569) boot: Disabling RNG early entropy source...[0m
[0;32mI (581) quad_psram: This chip is ESP32-D0WD[0m
[0;32mI (583) esp_psram: Found 8MB PSRAM device[0m
[0;32mI (583) esp_psram: Speed: 40MHz[0m
[0;32mI (585) esp_psram: PSRAM initialized, cache is in low/high (2-core) mode.[0m
[0;33mW (592) esp_psram: Virtual address not enough for PSRAM, map as much as we can. 4MB is mapped[0m
[0;32mI (601) cpu_start: Multicore app[0m
[0;32mI (1508) esp_psram: SPI SRAM memory test OK[0m
[0;32mI (1516) cpu_start: Pro cpu start user code[0m
[0;32mI (1516) cpu_start: cpu freq: 160000000 Hz[0m
[0;32mI (1516) app_init: Application information:[0m
[0;32mI (1519) app_init: Project name:     esp32_sentry[0m
[0;32mI (1525) app_init: App version:      v5.3.2-dirty[0m
[0;32mI (1530) app_init: Compile time:     Jul 29 2025 01:44:12[0m
[0;32mI (1536) app_init: ELF file SHA256:  4e6c935f7...[0m
[0;32mI (1542) app_init: ESP-IDF:          v5.3.2-dirty[0m
[0;32mI (1547) efuse_init: Min chip rev:     v0.0[0m
[0;32mI (1552) efuse_init: Max chip rev:     v3.99 [0m
[0;32mI (1557) efuse_init: Chip rev:         v1.0[0m
[0;32mI (1562) heap_init: Initializing. RAM available for dynamic allocation:[0m
[0;32mI (1569) heap_init: At 3FFAE6E0 len 00001920 (6 KiB): DRAM[0m
[0;32mI (1575) heap_init: At 3FFBBFA0 len 00024060 (144 KiB): DRAM[0m
[0;32mI (1581) heap_init: At 3FFE0440 len 00003AE0 (14 KiB): D/IRAM[0m
[0;32mI (1588) heap_init: At 3FFE4350 len 0001BCB0 (111 KiB): D/IRAM[0m
[0;32mI (1594) heap_init: At 4009F028 len 00000FD8 (3 KiB): IRAM[0m
[0;32mI (1601) esp_psram: Adding pool of 4096K of PSRAM memory to heap allocator[0m
[0;32mI (1610) spi_flash: detected chip: generic[0m
[0;32mI (1613) spi_flash: flash io: dio[0m
[0;33mW (1617) i2c: This driver is an old driver, please migrate your application code to adapt `driver/i2c_master.h`[0m
[0;32mI (1629) main_task: Started on CPU0[0m
[0;32mI (1639) esp_psram: Reserving pool of 32K of internal memory for DMA/internal allocations[0m
[0;32mI (1639) main_task: Calling app_main()[0m
[0;32mI (1639) main_app: App starting. Initializing NVS...[0m
[0;31mE (1669) task_wdt: esp_task_wdt_init(515): TWDT already initialized[0m
[0;32mI (1679) wifi:wifi driver task: 3ffcbe28, prio:23, stack:6656, core=0[0m
[0;32mI (1679) wifi:wifi firmware version: b0fd6006b[0m
[0;32mI (1679) wifi:wifi certification version: v7.0[0m
[0;32mI (1679) wifi:config NVS flash: enabled[0m
[0;32mI (1679) wifi:config nano formating: disabled[0m
[0;32mI (1689) wifi:Init data frame dynamic rx buffer num: 32[0m
[0;32mI (1689) wifi:Init static rx mgmt buffer num: 5[0m
[0;32mI (1699) wifi:Init management short buffer num: 32[0m
[0;32mI (1699) wifi:Init static tx buffer num: 16[0m
[0;32mI (1709) wifi:Init tx cache buffer num: 32[0m
[0;32mI (1709) wifi:Init static rx buffer size: 1600[0m
[0;32mI (1709) wifi:Init static rx buffer num: 10[0m
[0;32mI (1719) wifi:Init dynamic rx buffer num: 32[0m
[0;32mI (1719) wifi_init: rx ba win: 6[0m
[0;32mI (1719) wifi_init: accept mbox: 6[0m
[0;32mI (1729) wifi_init: tcpip mbox: 32[0m
[0;32mI (1729) wifi_init: udp mbox: 6[0m
[0;32mI (1739) wifi_init: tcp mbox: 6[0m
[0;32mI (1739) wifi_init: tcp tx win: 5760[0m
[0;32mI (1739) wifi_init: tcp rx win: 5760[0m
[0;32mI (1749) wifi_init: tcp mss: 1440[0m
[0;32mI (1749) wifi_init: WiFi IRAM OP enabled[0m
[0;32mI (1759) wifi_init: WiFi RX IRAM OP enabled[0m
[0;32mI (1759) wifi:Set ps type: 0, coexist: 0[0m

[0;32mI (1769) phy_init: phy_version 4840,02e0d70,Sep  2 2024,19:39:07[0m
[0;32mI (1839) wifi:mode : sta (bc:dd:c2:c1:a0:d0)[0m
[0;32mI (1849) wifi:enable tsf[0m
[0;32mI (1859) main_app: OTA/diag server started on port 80[0m
[0;32mI (1859) gpio: GPIO[33]| InputEn: 0| OutputEn: 0| OpenDrain: 0| Pullup: 1| Pulldown: 0| Intr:0 [0m
[0;32mI (1859) enhanced_ota: OTA/diag endpoints registered on shared HTTP server[0m
[0;32mI (1869) esp32-cam Webserver: Camera server started on port 81[0m
[0;32mI (1869) esp32-cam Webserver: Initializing camera...[0m
[0;32mI (1879) main_app: Heap(8bit)=4309847  PSRAM=4191340[0m
[0;32mI (1889) gpio: GPIO[25]| InputEn: 1| OutputEn: 0| OpenDrain: 0| Pullup: 1| Pulldown: 0| Intr:2 [0m
[0;32mI (1899) cam_hal: cam init ok[0m
[0;32mI (1899) sccb: pin_sda 26 pin_scl 27[0m
[0;32mI (1899) sccb: sccb_i2c_port=1[0m
[0;32mI (1909) gpio: GPIO[32]| InputEn: 0| OutputEn: 1| OpenDrain: 0| Pullup: 0| Pulldown: 0| Intr:0 [0m
[0;32mI (1949) camera: Detected camera at address=0x30[0m
[0;32mI (1949) camera: Detected OV2640 camera[0m
[0;32mI (1949) camera: Camera PID=0x26 VER=0x42 MIDL=0x7f MIDH=0xa2[0m
[0;32mI (2039) cam_hal: buffer_size: 32768, half_buffer_size: 4096, node_buffer_size: 2048, node_cnt: 16, total_cnt: 23[0m
[0;32mI (2039) cam_hal: Allocating 96000 Byte frame buffer in PSRAM[0m
[0;32mI (2049) cam_hal: cam config ok[0m
[0;32mI (2049) ov2640: Set PLL: clk_2x: 0, clk_div: 0, pclk_auto: 0, pclk_div: 8[0m
[0;32mI (2149) main_app: App running. camera_init_ok=1, camera_server_ok=1[0m
[0;32mI (2149) main_task: Returned from app_main()[0m
[0;32mI (3069) wifi:new:<11,0>, old:<1,0>, ap:<255,255>, sta:<11,0>, prof:1, snd_ch_cfg:0x0[0m
[0;32mI (3069) wifi:state: init -> auth (0xb0)[0m
ï¿½ets Jun  8 2016 00:22:57

rst:0x3 (SW_RESET),boot:0x13 (SPI_FAST_FLASH_BOOT)
configsip: 0, SPIWP:0xee
clk_drv:0x00,q_drv:0x00,d_drv:0x00,cs0_drv:0x00,hd_drv:0x00,wp_drv:0x00
mode:DIO, clock div:2
load:0x3fff0030,len:7176
load:0x40078000,len:15648
load:0x40080400,len:4
ho 8 tail 4 room 4
load:0x40080404,len:3904
entry 0x40080640
[0;32mI (60) boot: ESP-IDF v5.3.2-dirty 2nd stage bootloader[0m
[0;32mI (60) boot: compile time Jul 29 2025 01:43:21[0m
[0;32mI (60) boot: Multicore bootloader[0m
[0;32mI (65) boot: chip revision: v1.0[0m
[0;32mI (69) boot.esp32: SPI Speed      : 40MHz[0m
[0;32mI (74) boot.esp32: SPI Mode       : DIO[0m
[0;32mI (78) boot.esp32: SPI Flash Size : 4MB[0m
[0;32mI (83) boot: Enabling RNG early entropy source...[0m
[0;32mI (88) boot: Partition Table:[0m
[0;32mI (92) boot: ## Label            Usage          Type ST Offset   Length[0m
[0;32mI (99) boot:  0 nvs              WiFi data        01 02 0000d000 00004000[0m
[0;32mI (107) boot:  1 otadata          OTA data         01 00 00011000 00002000[0m
[0;32mI (114) boot:  2 phy_init         RF data          01 01 00013000 00001000[0m
[0;32mI (122) boot:  3 ota_0            OTA app          00 10 00020000 00150000[0m
[0;32mI (129) boot:  4 ota_1            OTA app          00 11 00170000 00150000[0m
[0;32mI (137) boot: End of partition table[0m
[0;32mI (141) esp_image: segment 0: paddr=00020020 vaddr=3f400020 size=2fe58h (196184) map[0m
[0;32mI (217) esp_image: segment 1: paddr=0004fe80 vaddr=3ffb0000 size=00198h (   408) load[0m
[0;32mI (217) esp_image: segment 2: paddr=00050020 vaddr=400d0020 size=c1ea4h (794276) map[0m
[0;32mI (495) esp_image: segment 3: paddr=00111ecc vaddr=3ffb0198 size=05500h ( 21760) load[0m
[0;32mI (503) esp_image: segment 4: paddr=001173d4 vaddr=40080000 size=1f028h (127016) load[0m
[0;32mI (569) boot: Loaded app from partition at offset 0x20000[0m
[0;32mI (569) boot: Disabling RNG early entropy source...[0m
[0;32mI (581) quad_psram: This chip is ESP32-D0WD[0m
[0;32mI (583) esp_psram: Found 8MB PSRAM device[0m
[0;32mI (583) esp_psram: Speed: 40MHz[0m
[0;32mI (585) esp_psram: PSRAM initialized, cache is in low/high (2-core) mode.[0m
[0;33mW (592) esp_psram: Virtual address not enough for PSRAM, map as much as we can. 4MB is mapped[0m
[0;32mI (601) cpu_start: Multicore app[0m
[0;32mI (1508) esp_psram: SPI SRAM memory test OK[0m
[0;32mI (1516) cpu_start: Pro cpu start user code[0m
[0;32mI (1516) cpu_start: cpu freq: 160000000 Hz[0m
[0;32mI (1516) app_init: Application information:[0m
[0;32mI (1519) app_init: Project name:     esp32_sentry[0m
[0;32mI (1525) app_init: App version:      v5.3.2-dirty[0m
[0;32mI (1530) app_init: Compile time:     Jul 29 2025 01:44:12[0m
[0;32mI (1536) app_init: ELF file SHA256:  4e6c935f7...[0m
[0;32mI (1542) app_init: ESP-IDF:          v5.3.2-dirty[0m
[0;32mI (1547) efuse_init: Min chip rev:     v0.0[0m
[0;32mI (1552) efuse_init: Max chip rev:     v3.99 [0m
[0;32mI (1557) efuse_init: Chip rev:         v1.0[0m
[0;32mI (1562) heap_init: Initializing. RAM available for dynamic allocation:[0m
[0;32mI (1569) heap_init: At 3FFAE6E0 len 00001920 (6 KiB): DRAM[0m
[0;32mI (1575) heap_init: At 3FFBBFA0 len 00024060 (144 KiB): DRAM[0m
[0;32mI (1581) heap_init: At 3FFE0440 len 00003AE0 (14 KiB): D/IRAM[0m
[0;32mI (1588) heap_init: At 3FFE4350 len 0001BCB0 (111 KiB): D/IRAM[0m
[0;32mI (1594) heap_init: At 4009F028 len 00000FD8 (3 KiB): IRAM[0m
[0;32mI (1601) esp_psram: Adding pool of 4096K of PSRAM memory to heap allocator[0m
[0;32mI (1610) spi_flash: detected chip: generic[0m
[0;32mI (1613) spi_flash: flash io: dio[0m
[0;33mW (1617) i2c: This driver is an old driver, please migrate your application code to adapt `driver/i2c_master.h`[0m
[0;32mI (1629) main_task: Started on CPU0[0m
[0;32mI (1639) esp_psram: Reserving pool of 32K of internal memory for DMA/internal allocations[0m
[0;32mI (1639) main_task: Calling app_main()[0m
[0;32mI (1639) main_app: App starting. Initializing NVS...[0m
[0;31mE (1669) task_wdt: esp_task_wdt_init(515): TWDT already initialized[0m
[0;32mI (1679) wifi:wifi driver task: 3ffcbe28, prio:23, stack:6656, core=0[0m
[0;32mI (1679) wifi:wifi firmware version: b0fd6006b[0m
[0;32mI (1679) wifi:wifi certification version: v7.0[0m
[0;32mI (1679) wifi:config NVS flash: enabled[0m
[0;32mI (1679) wifi:config nano formating: disabled[0m
[0;32mI (1689) wifi:Init data frame dynamic rx buffer num: 32[0m
[0;32mI (1689) wifi:Init static rx mgmt buffer num: 5[0m
[0;32mI (1699) wifi:Init management short buffer num: 32[0m
[0;32mI (1699) wifi:Init static tx buffer num: 16[0m
[0;32mI (1709) wifi:Init tx cache buffer num: 32[0m
[0;32mI (1709) wifi:Init static rx buffer size: 1600[0m
[0;32mI (1709) wifi:Init static rx buffer num: 10[0m
[0;32mI (1719) wifi:Init dynamic rx buffer num: 32[0m
[0;32mI (1719) wifi_init: rx ba win: 6[0m
[0;32mI (1719) wifi_init: accept mbox: 6[0m
[0;32mI (1729) wifi_init: tcpip mbox: 32[0m
[0;32mI (1729) wifi_init: udp mbox: 6[0m
[0;32mI (1739) wifi_init: tcp mbox: 6[0m
[0;32mI (1739) wifi_init: tcp tx win: 5760[0m
[0;32mI (1739) wifi_init: tcp rx win: 5760[0m
[0;32mI (1749) wifi_init: tcp mss: 1440[0m
[0;32mI (1749) wifi_init: WiFi IRAM OP enabled[0m
[0;32mI (1759) wifi_init: WiFi RX IRAM OP enabled[0m
[0;32mI (1759) wifi:Set ps type: 0, coexist: 0[0m

[0;32mI (1769) phy_init: phy_version 4840,02e0d70,Sep  2 2024,19:39:07[0m
[0;32mI (1839) wifi:mode : sta (bc:dd:c2:c1:a0:d0)[0m
[0;32mI (1839) wifi:enable tsf[0m
[0;32mI (1849) main_app: OTA/diag server started on port 80[0m
[0;32mI (1859) gpio: GPIO[33]| InputEn: 0| OutputEn: 0| OpenDrain: 0| Pullup: 1| Pulldown: 0| Intr:0 [0m
[0;32mI (1859) enhanced_ota: OTA/diag endpoints registered on shared HTTP server[0m
[0;32mI (1869) esp32-cam Webserver: Camera server started on port 81[0m
[0;32mI (1869) esp32-cam Webserver: Initializing camera...[0m
[0;32mI (1879) main_app: Heap(8bit)=4309847  PSRAM=4191340[0m
[0;32mI (1879) gpio: GPIO[25]| InputEn: 1| OutputEn: 0| OpenDrain: 0| Pullup: 1| Pulldown: 0| Intr:2 [0m
[0;32mI (1899) cam_hal: cam init ok[0m
[0;32mI (1899) sccb: pin_sda 26 pin_scl 27[0m
[0;32mI (1899) sccb: sccb_i2c_port=1[0m
[0;32mI (1909) gpio: GPIO[32]| InputEn: 0| OutputEn: 1| OpenDrain: 0| Pullup: 0| Pulldown: 0| Intr:0 [0m
[0;32mI (1949) camera: Detected camera at address=0x30[0m
[0;32mI (1949) camera: Detected OV2640 camera[0m
[0;32mI (1949) camera: Camera PID=0x26 VER=0x42 MIDL=0x7f MIDH=0xa2[0m
[0;32mI (2039) cam_hal: buffer_size: 32768, half_buffer_size: 4096, node_buffer_size: 2048, node_cnt: 16, total_cnt: 23[0m
[0;32mI (2039) cam_hal: Allocating 96000 Byte frame buffer in PSRAM[0m
[0;32mI (2049) cam_hal: cam config ok[0m
[0;32mI (2049) ov2640: Set PLL: clk_2x: 0, clk_div: 0, pclk_auto: 0, pclk_div: 8[0m
[0;32mI (2149) main_app: App running. camera_init_ok=1, camera_server_ok=1[0m
[0;32mI (2149) main_task: Returned from app_main()[0m
[0;32mI (3069) wifi:new:<11,0>, old:<1,0>, ap:<255,255>, sta:<11,0>, prof:1, snd_ch_cfg:0x0[0m
[0;32mI (3069) wifi:state: init -> auth (0xb0)[0m
ï¿½ets Jun  8 2016 00:22:57

rst:0x3 (SW_RESET),boot:0x13 (SPI_FAST_FLASH_BOOT)
configsip: 0, SPIWP:0xee
clk_drv:0x00,q_drv:0x00,d_drv:0x00,cs0_drv:0x00,hd_drv:0x00,wp_drv:0x00
mode:DIO, clock div:2
load:0x3fff0030,len:7176
load:0x40078000,len:15648
load:0x40080400,len:4
ho 8 tail 4 room 4
load:0x40080404,len:3904
entry 0x40080640
[0;32mI (60) boot: ESP-IDF v5.3.2-dirty 2nd stage bootloader[0m
[0;32mI (60) boot: compile time Jul 29 2025 01:43:21[0m
[0;32mI (60) boot: Multicore bootloader[0m
[0;32mI (65) boot: chip revision: v1.0[0m
[0;32mI (69) boot.esp32: SPI Speed      : 40MHz[0m
[0;32mI (74) boot.esp32: SPI Mode       : DIO[0m
[0;32mI (78) boot.esp32: SPI Flash Size : 4MB[0m
[0;32mI (83) boot: Enabling RNG early entropy source...[0m
[0;32mI (88) boot: Partition Table:[0m
[0;32mI (92) boot: ## Label            Usage          Type ST Offset   Length[0m
[0;32mI (99) boot:  0 nvs              WiFi data        01 02 0000d000 00004000[0m
[0;32mI (107) boot:  1 otadata          OTA data         01 00 00011000 00002000[0m
[0;32mI (114) boot:  2 phy_init         RF data          01 01 00013000 00001000[0m
[0;32mI (122) boot:  3 ota_0            OTA app          00 10 00020000 00150000[0m
[0;32mI (129) boot:  4 ota_1            OTA app          00 11 00170000 00150000[0m
[0;32mI (137) boot: End of partition table[0m
[0;32mI (141) esp_image: segment 0: paddr=00020020 vaddr=3f400020 size=2fe58h (196184) map[0m
[0;32mI (217) esp_image: segment 1: paddr=0004fe80 vaddr=3ffb0000 size=00198h (   408) load[0m
[0;32mI (217) esp_image: segment 2: paddr=00050020 vaddr=400d0020 size=c1ea4h (794276) map[0m
[0;32mI (495) esp_image: segment 3: paddr=00111ecc vaddr=3ffb0198 size=05500h ( 21760) load[0m
[0;32mI (503) esp_image: segment 4: paddr=001173d4 vaddr=40080000 size=1f028h (127016) load[0m
[0;32mI (569) boot: Loaded app from partition at offset 0x20000[0m
[0;32mI (569) boot: Disabling RNG early entropy source...[0m
[0;32mI (581) quad_psram: This chip is ESP32-D0WD[0m
[0;32mI (583) esp_psram: Found 8MB PSRAM device[0m
[0;32mI (583) esp_psram: Speed: 40MHz[0m
[0;32mI (585) esp_psram: PSRAM initialized, cache is in low/high (2-core) mode.[0m
[0;33mW (592) esp_psram: Virtual address not enough for PSRAM, map as much as we can. 4MB is mapped[0m
[0;32mI (601) cpu_start: Multicore app[0m
[0;32mI (1508) esp_psram: SPI SRAM memory test OK[0m
[0;32mI (1516) cpu_start: Pro cpu start user code[0m
[0;32mI (1516) cpu_start: cpu freq: 160000000 Hz[0m
[0;32mI (1516) app_init: Application information:[0m
[0;32mI (1519) app_init: Project name:     esp32_sentry[0m
[0;32mI (1525) app_init: App version:      v5.3.2-dirty[0m
[0;32mI (1530) app_init: Compile time:     Jul 29 2025 01:44:12[0m
[0;32mI (1536) app_init: ELF file SHA256:  4e6c935f7...[0m
[0;32mI (1542) app_init: ESP-IDF:          v5.3.2-dirty[0m
[0;32mI (1547) efuse_init: Min chip rev:     v0.0[0m
[0;32mI (1552) efuse_init: Max chip rev:     v3.99 [0m
[0;32mI (1557) efuse_init: Chip rev:         v1.0[0m
[0;32mI (1562) heap_init: Initializing. RAM available for dynamic allocation:[0m
[0;32mI (1569) heap_init: At 3FFAE6E0 len 00001920 (6 KiB): DRAM[0m
[0;32mI (1575) heap_init: At 3FFBBFA0 len 00024060 (144 KiB): DRAM[0m
[0;32mI (1581) heap_init: At 3FFE0440 len 00003AE0 (14 KiB): D/IRAM[0m
[0;32mI (1588) heap_init: At 3FFE4350 len 0001BCB0 (111 KiB): D/IRAM[0m
[0;32mI (1594) heap_init: At 4009F028 len 00000FD8 (3 KiB): IRAM[0m
[0;32mI (1601) esp_psram: Adding pool of 4096K of PSRAM memory to heap allocator[0m
[0;32mI (1610) spi_flash: detected chip: generic[0m
[0;32mI (1613) spi_flash: flash io: dio[0m
[0;33mW (1617) i2c: This driver is an old driver, please migrate your application code to adapt `driver/i2c_master.h`[0m
[0;32mI (1629) main_task: Started on CPU0[0m
[0;32mI (1639) esp_psram: Reserving pool of 32K of internal memory for DMA/internal allocations[0m
[0;32mI (1639) main_task: Calling app_main()[0m
[0;32mI (1639) main_app: App starting. Initializing NVS...[0m
[0;31mE (1669) task_wdt: esp_task_wdt_init(515): TWDT already initialized[0m
[0;32mI (1679) wifi:wifi driver task: 3ffcbe28, prio:23, stack:6656, core=0[0m
[0;32mI (1679) wifi:wifi firmware version: b0fd6006b[0m
[0;32mI (1679) wifi:wifi certification version: v7.0[0m
[0;32mI (1679) wifi:config NVS flash: enabled[0m
[0;32mI (1679) wifi:config nano formating: disabled[0m
[0;32mI (1689) wifi:Init data frame dynamic rx buffer num: 32[0m
[0;32mI (1689) wifi:Init static rx mgmt buffer num: 5[0m
[0;32mI (1699) wifi:Init management short buffer num: 32[0m
[0;32mI (1699) wifi:Init static tx buffer num: 16[0m
[0;32mI (1709) wifi:Init tx cache buffer num: 32[0m
[0;32mI (1709) wifi:Init static rx buffer size: 1600[0m
[0;32mI (1709) wifi:Init static rx buffer num: 10[0m
[0;32mI (1719) wifi:Init dynamic rx buffer num: 32[0m
[0;32mI (1719) wifi_init: rx ba win: 6[0m
[0;32mI (1719) wifi_init: accept mbox: 6[0m
[0;32mI (1729) wifi_init: tcpip mbox: 32[0m
[0;32mI (1729) wifi_init: udp mbox: 6[0m
[0;32mI (1739) wifi_init: tcp mbox: 6[0m
[0;32mI (1739) wifi_init: tcp tx win: 5760[0m
[0;32mI (1739) wifi_init: tcp rx win: 5760[0m
[0;32mI (1749) wifi_init: tcp mss: 1440[0m
[0;32mI (1749) wifi_init: WiFi IRAM OP enabled[0m
[0;32mI (1759) wifi_init: WiFi RX IRAM OP enabled[0m
[0;32mI (1759) wifi:Set ps type: 0, coexist: 0[0m

[0;32mI (1769) phy_init: phy_version 4840,02e0d70,Sep  2 2024,19:39:07[0m
[0;32mI (1839) wifi:mode : sta (bc:dd:c2:c1:a0:d0)[0m
[0;32mI (1839) wifi:enable tsf[0m
[0;32mI (1849) main_app: OTA/diag server started on port 80[0m
[0;32mI (1859) gpio: GPIO[33]| InputEn: 0| OutputEn: 0| OpenDrain: 0| Pullup: 1| Pulldown: 0| Intr:0 [0m
[0;32mI (1859) enhanced_ota: OTA/diag endpoints registered on shared HTTP server[0m
[0;32mI (1869) esp32-cam Webserver: Camera server started on port 81[0m
[0;32mI (1869) esp32-cam Webserver: Initializing camera...[0m
[0;32mI (1879) main_app: Heap(8bit)=4309847  PSRAM=4191340[0m
[0;32mI (1879) gpio: GPIO[25]| InputEn: 1| OutputEn: 0| OpenDrain: 0| Pullup: 1| Pulldown: 0| Intr:2 [0m
[0;32mI (1899) cam_hal: cam init ok[0m
[0;32mI (1899) sccb: pin_sda 26 pin_scl 27[0m
[0;32mI (1899) sccb: sccb_i2c_port=1[0m
[0;32mI (1909) gpio: GPIO[32]| InputEn: 0| OutputEn: 1| OpenDrain: 0| Pullup: 0| Pulldown: 0| Intr:0 [0m
[0;32mI (1939) camera: Detected camera at address=0x30[0m
[0;32mI (1939) camera: Detected OV2640 camera[0m
[0;32mI (1939) camera: Camera PID=0x26 VER=0x42 MIDL=0x7f MIDH=0xa2[0m
[0;32mI (2029) cam_hal: buffer_size: 32768, half_buffer_size: 4096, node_buffer_size: 2048, node_cnt: 16, total_cnt: 23[0m
[0;32mI (2029) cam_hal: Allocating 96000 Byte frame buffer in PSRAM[0m
[0;32mI (2039) cam_hal: cam config ok[0m
[0;32mI (2039) ov2640: Set PLL: clk_2x: 0, clk_div: 0, pclk_auto: 0, pclk_div: 8[0m
[0;32mI (2139) main_app: App running. camera_init_ok=1, camera_server_ok=1[0m
[0;32mI (2139) main_task: Returned from app_main()[0m
[0;32mI (3069) wifi:new:<11,0>, old:<1,0>, ap:<255,255>, sta:<11,0>, prof:1, snd_ch_cfg:0x0[0m
[0;32mI (3069) wifi:state: init -> auth (0xb0)[0m
ï¿½ets Jun  8 2016 00:22:57

rst:0x3 (SW_RESET),boot:0x13 (SPI_FAST_FLASH_BOOT)
configsip: 0, SPIWP:0xee
clk_drv:0x00,q_drv:0x00,d_drv:0x00,cs0_drv:0x00,hd_drv:0x00,wp_drv:0x00
mode:DIO, clock div:2
load:0x3fff0030,len:7176
load:0x40078000,len:15648
load:0x40080400,len:4
ho 8 tail 4 room 4
load:0x40080404,len:3904
entry 0x40080640
[0;32mI (60) boot: ESP-IDF v5.3.2-dirty 2nd stage bootloader[0m
[0;32mI (60) boot: compile time Jul 29 2025 01:43:21[0m
[0;32mI (60) boot: Multicore bootloader[0m
[0;32mI (65) boot: chip revision: v1.0[0m
[0;32mI (69) boot.esp32: SPI Speed      : 40MHz[0m
[0;32mI (74) boot.esp32: SPI Mode       : DIO[0m
[0;32mI (78) boot.esp32: SPI Flash Size : 4MB[0m
[0;32mI (83) boot: Enabling RNG early entropy source...[0m
[0;32mI (88) boot: Partition Table:[0m
[0;32mI (92) boot: ## Label            Usage          Type ST Offset   Length[0m
[0;32mI (99) boot:  0 nvs              WiFi data        01 02 0000d000 00004000[0m
[0;32mI (107) boot:  1 otadata          OTA data         01 00 00011000 00002000[0m
[0;32mI (114) boot:  2 phy_init         RF data          01 01 00013000 00001000[0m
[0;32mI (122) boot:  3 ota_0            OTA app          00 10 00020000 00150000[0m
[0;32mI (129) boot:  4 ota_1            OTA app          00 11 00170000 00150000[0m
[0;32mI (137) boot: End of partition table[0m
[0;32mI (141) esp_image: segment 0: paddr=00020020 vaddr=3f400020 size=2fe58h (196184) map[0m
[0;32mI (217) esp_image: segment 1: paddr=0004fe80 vaddr=3ffb0000 size=00198h (   408) load[0m
[0;32mI (217) esp_image: segment 2: paddr=00050020 vaddr=400d0020 size=c1ea4h (794276) map[0m
[0;32mI (495) esp_image: segment 3: paddr=00111ecc vaddr=3ffb0198 size=05500h ( 21760) load[0m
[0;32mI (503) esp_image: segment 4: paddr=001173d4 vaddr=40080000 size=1f028h (127016) load[0m
[0;32mI (569) boot: Loaded app from partition at offset 0x20000[0m
[0;32mI (569) boot: Disabling RNG early entropy source...[0m
[0;32mI (581) quad_psram: This chip is ESP32-D0WD[0m
[0;32mI (583) esp_psram: Found 8MB PSRAM device[0m
[0;32mI (583) esp_psram: Speed: 40MHz[0m
[0;32mI (585) esp_psram: PSRAM initialized, cache is in low/high (2-core) mode.[0m
[0;33mW (592) esp_psram: Virtual address not enough for PSRAM, map as much as we can. 4MB is mapped[0m
[0;32mI (601) cpu_start: Multicore app[0m
[0;32mI (1508) esp_psram: SPI SRAM memory test OK[0m
[0;32mI (1516) cpu_start: Pro cpu start user code[0m
[0;32mI (1516) cpu_start: cpu freq: 160000000 Hz[0m
[0;32mI (1516) app_init: Application information:[0m
[0;32mI (1519) app_init: Project name:     esp32_sentry[0m
[0;32mI (1525) app_init: App version:      v5.3.2-dirty[0m
[0;32mI (1530) app_init: Compile time:     Jul 29 2025 01:44:12[0m
[0;32mI (1536) app_init: ELF file SHA256:  4e6c935f7...[0m
[0;32mI (1542) app_init: ESP-IDF:          v5.3.2-dirty[0m
[0;32mI (1547) efuse_init: Min chip rev:     v0.0[0m
[0;32mI (1552) efuse_init: Max chip rev:     v3.99 [0m
[0;32mI (1557) efuse_init: Chip rev:         v1.0[0m
[0;32mI (1562) heap_init: Initializing. RAM available for dynamic allocation:[0m
[0;32mI (1569) heap_init: At 3FFAE6E0 len 00001920 (6 KiB): DRAM[0m
[0;32mI (1575) heap_init: At 3FFBBFA0 len 00024060 (144 KiB): DRAM[0m
[0;32mI (1581) heap_init: At 3FFE0440 len 00003AE0 (14 KiB): D/IRAM[0m
[0;32mI (1588) heap_init: At 3FFE4350 len 0001BCB0 (111 KiB): D/IRAM[0m
[0;32mI (1594) heap_init: At 4009F028 len 00000FD8 (3 KiB): IRAM[0m
[0;32mI (1601) esp_psram: Adding pool of 4096K of PSRAM memory to heap allocator[0m
[0;32mI (1610) spi_flash: detected chip: generic[0m
[0;32mI (1613) spi_flash: flash io: dio[0m
[0;33mW (1617) i2c: This driver is an old driver, please migrate your application code to adapt `driver/i2c_master.h`[0m
[0;32mI (1629) main_task: Started on CPU0[0m
[0;32mI (1639) esp_psram: Reserving pool of 32K of internal memory for DMA/internal allocations[0m
[0;32mI (1639) main_task: Calling app_main()[0m
[0;32mI (1639) main_app: App starting. Initializing NVS...[0m
[0;31mE (1669) task_wdt: esp_task_wdt_init(515): TWDT already initialized[0m
[0;32mI (1679) wifi:wifi driver task: 3ffcbe28, prio:23, stack:6656, core=0[0m
[0;32mI (1679) wifi:wifi firmware version: b0fd6006b[0m
[0;32mI (1679) wifi:wifi certification version: v7.0[0m
[0;32mI (1679) wifi:config NVS flash: enabled[0m
[0;32mI (1679) wifi:config nano formating: disabled[0m
[0;32mI (1689) wifi:Init data frame dynamic rx buffer num: 32[0m
[0;32mI (1689) wifi:Init static rx mgmt buffer num: 5[0m
[0;32mI (1699) wifi:Init management short buffer num: 32[0m
[0;32mI (1699) wifi:Init static tx buffer num: 16[0m
[0;32mI (1709) wifi:Init tx cache buffer num: 32[0m
[0;32mI (1709) wifi:Init static rx buffer size: 1600[0m
[0;32mI (1709) wifi:Init static rx buffer num: 10[0m
[0;32mI (1719) wifi:Init dynamic rx buffer num: 32[0m
[0;32mI (1719) wifi_init: rx ba win: 6[0m
[0;32mI (1719) wifi_init: accept mbox: 6[0m
[0;32mI (1729) wifi_init: tcpip mbox: 32[0m
[0;32mI (1729) wifi_init: udp mbox: 6[0m
[0;32mI (1739) wifi_init: tcp mbox: 6[0m
[0;32mI (1739) wifi_init: tcp tx win: 5760[0m
[0;32mI (1739) wifi_init: tcp rx win: 5760[0m
[0;32mI (1749) wifi_init: tcp mss: 1440[0m
[0;32mI (1749) wifi_init: WiFi IRAM OP enabled[0m
[0;32mI (1759) wifi_init: WiFi RX IRAM OP enabled[0m
[0;32mI (1759) wifi:Set ps type: 0, coexist: 0[0m

[0;32mI (1769) phy_init: phy_version 4840,02e0d70,Sep  2 2024,19:39:07[0m
[0;32mI (1839) wifi:mode : sta (bc:dd:c2:c1:a0:d0)[0m
[0;32mI (1849) wifi:enable tsf[0m
[0;32mI (1849) main_app: OTA/diag server started on port 80[0m
[0;32mI (1859) gpio: GPIO[33]| InputEn: 0| OutputEn: 0| OpenDrain: 0| Pullup: 1| Pulldown: 0| Intr:0 [0m
[0;32mI (1859) enhanced_ota: OTA/diag endpoints registered on shared HTTP server[0m
[0;32mI (1869) esp32-cam Webserver: Camera server started on port 81[0m
[0;32mI (1869) esp32-cam Webserver: Initializing camera...[0m
[0;32mI (1879) main_app: Heap(8bit)=4309847  PSRAM=4191340[0m
[0;32mI (1889) gpio: GPIO[25]| InputEn: 1| OutputEn: 0| OpenDrain: 0| Pullup: 1| Pulldown: 0| Intr:2 [0m
[0;32mI (1899) cam_hal: cam init ok[0m
[0;32mI (1899) sccb: pin_sda 26 pin_scl 27[0m
[0;32mI (1899) sccb: sccb_i2c_port=1[0m
[0;32mI (1909) gpio: GPIO[32]| InputEn: 0| OutputEn: 1| OpenDrain: 0| Pullup: 0| Pulldown: 0| Intr:0 [0m
[0;32mI (1949) camera: Detected camera at address=0x30[0m
[0;32mI (1949) camera: Detected OV2640 camera[0m
[0;32mI (1949) camera: Camera PID=0x26 VER=0x42 MIDL=0x7f MIDH=0xa2[0m
[0;32mI (2039) cam_hal: buffer_size: 32768, half_buffer_size: 4096, node_buffer_size: 2048, node_cnt: 16, total_cnt: 23[0m
[0;32mI (2039) cam_hal: Allocating 96000 Byte frame buffer in PSRAM[0m
[0;32mI (2049) cam_hal: cam config ok[0m
[0;32mI (2049) ov2640: Set PLL: clk_2x: 0, clk_div: 0, pclk_auto: 0, pclk_div: 8[0m
[0;32mI (2149) main_app: App running. camera_init_ok=1, camera_server_ok=1[0m
[0;32mI (2149) main_task: Returned from app_main()[0m
[0;32mI (3069) wifi:new:<11,0>, old:<1,0>, ap:<255,255>, sta:<11,0>, prof:1, snd_ch_cfg:0x0[0m
[0;32mI (3069) wifi:state: init -> auth (0xb0)[0m
ï¿½ets Jun  8 2016 00:22:57

rst:0x3 (SW_RESET),boot:0x13 (SPI_FAST_FLASH_BOOT)
configsip: 0, SPIWP:0xee
clk_drv:0x00,q_drv:0x00,d_drv:0x00,cs0_drv:0x00,hd_drv:0x00,wp_drv:0x00
mode:DIO, clock div:2
load:0x3fff0030,len:7176
load:0x40078000,len:15648
load:0x40080400,len:4
ho 8 tail 4 room 4
load:0x40080404,len:3904
entry 0x40080640
[0;32mI (60) boot: ESP-IDF v5.3.2-dirty 2nd stage bootloader[0m
[0;32mI (60) boot: compile time Jul 29 2025 01:43:21[0m
[0;32mI (60) boot: Multicore bootloader[0m
[0;32mI (65) boot: chip revision: v1.0[0m
[0;32mI (69) boot.esp32: SPI Speed      : 40MHz[0m
[0;32mI (74) boot.esp32: SPI Mode       : DIO[0m
[0;32mI (78) boot.esp32: SPI Flash Size : 4MB[0m
[0;32mI (83) boot: Enabling RNG early entropy source...[0m
[0;32mI (88) boot: Partition Table:[0m
[0;32mI (92) boot: ## Label            Usage          Type ST Offset   Length[0m
[0;32mI (99) boot:  0 nvs              WiFi data        01 02 0000d000 00004000[0m
[0;32mI (107) boot:  1 otadata          OTA data         01 00 00011000 00002000[0m
[0;32mI (114) boot:  2 phy_init         RF data          01 01 00013000 00001000[0m
[0;32mI (122) boot:  3 ota_0            OTA app          00 10 00020000 00150000[0m
[0;32mI (129) boot:  4 ota_1            OTA app          00 11 00170000 00150000[0m
[0;32mI (137) boot: End of partition table[0m
[0;32mI (141) esp_image: segment 0: paddr=00020020 vaddr=3f400020 size=2fe58h (196184) map[0m
[0;32mI (217) esp_image: segment 1: paddr=0004fe80 vaddr=3ffb0000 size=00198h (   408) load[0m
[0;32mI (217) esp_image: segment 2: paddr=00050020 vaddr=400d0020 size=c1ea4h (794276) map[0m
[0;32mI (495) esp_image: segment 3: paddr=00111ecc vaddr=3ffb0198 size=05500h ( 21760) load[0m
[0;32mI (503) esp_image: segment 4: paddr=001173d4 vaddr=40080000 size=1f028h (127016) load[0m
[0;32mI (569) boot: Loaded app from partition at offset 0x20000[0m
[0;32mI (569) boot: Disabling RNG early entropy source...[0m
[0;32mI (581) quad_psram: This chip is ESP32-D0WD[0m
[0;32mI (583) esp_psram: Found 8MB PSRAM device[0m
[0;32mI (583) esp_psram: Speed: 40MHz[0m
[0;32mI (585) esp_psram: PSRAM initialized, cache is in low/high (2-core) mode.[0m
[0;33mW (592) esp_psram: Virtual address not enough for PSRAM, map as much as we can. 4MB is mapped[0m
[0;32mI (601) cpu_start: Multicore app[0m
[0;32mI (1508) esp_psram: SPI SRAM memory test OK[0m
[0;32mI (1516) cpu_start: Pro cpu start user code[0m
[0;32mI (1516) cpu_start: cpu freq: 160000000 Hz[0m
[0;32mI (1516) app_init: Application information:[0m
[0;32mI (1519) app_init: Project name:     esp32_sentry[0m
[0;32mI (1525) app_init: App version:      v5.3.2-dirty[0m
[0;32mI (1530) app_init: Compile time:     Jul 29 2025 01:44:12[0m
[0;32mI (1536) app_init: ELF file SHA256:  4e6c935f7...[0m
[0;32mI (1542) app_init: ESP-IDF:          v5.3.2-dirty[0m
[0;32mI (1547) efuse_init: Min chip rev:     v0.0[0m
[0;32mI (1552) efuse_init: Max chip rev:     v3.99 [0m
[0;32mI (1557) efuse_init: Chip rev:         v1.0[0m
[0;32mI (1562) heap_init: Initializing. RAM available for dynamic allocation:[0m
[0;32mI (1569) heap_init: At 3FFAE6E0 len 00001920 (6 KiB): DRAM[0m
[0;32mI (1575) heap_init: At 3FFBBFA0 len 00024060 (144 KiB): DRAM[0m
[0;32mI (1581) heap_init: At 3FFE0440 len 00003AE0 (14 KiB): D/IRAM[0m
[0;32mI (1588) heap_init: At 3FFE4350 len 0001BCB0 (111 KiB): D/IRAM[0m
[0;32mI (1594) heap_init: At 4009F028 len 00000FD8 (3 KiB): IRAM[0m
[0;32mI (1601) esp_psram: Adding pool of 4096K of PSRAM memory to heap allocator[0m
[0;32mI (1610) spi_flash: detected chip: generic[0m
[0;32mI (1613) spi_flash: flash io: dio[0m
[0;33mW (1617) i2c: This driver is an old driver, please migrate your application code to adapt `driver/i2c_master.h`[0m
[0;32mI (1629) main_task: Started on CPU0[0m
[0;32mI (1639) esp_psram: Reserving pool of 32K of internal memory for DMA/internal allocations[0m
[0;32mI (1639) main_task: Calling app_main()[0m
[0;32mI (1639) main_app: App starting. Initializing NVS...[0m
[0;31mE (1669) task_wdt: esp_task_wdt_init(515): TWDT already initialized[0m
[0;32mI (1679) wifi:wifi driver task: 3ffcbe28, prio:23, stack:6656, core=0[0m
[0;32mI (1679) wifi:wifi firmware version: b0fd6006b[0m
[0;32mI (1679) wifi:wifi certification version: v7.0[0m
[0;32mI (1679) wifi:config NVS flash: enabled[0m
[0;32mI (1679) wifi:config nano formating: disabled[0m
[0;32mI (1689) wifi:Init data frame dynamic rx buffer num: 32[0m
[0;32mI (1689) wifi:Init static rx mgmt buffer num: 5[0m
[0;32mI (1699) wifi:Init management short buffer num: 32[0m
[0;32mI (1699) wifi:Init static tx buffer num: 16[0m
[0;32mI (1709) wifi:Init tx cache buffer num: 32[0m
[0;32mI (1709) wifi:Init static rx buffer size: 1600[0m
[0;32mI (1709) wifi:Init static rx buffer num: 10[0m
[0;32mI (1719) wifi:Init dynamic rx buffer num: 32[0m
[0;32mI (1719) wifi_init: rx ba win: 6[0m
[0;32mI (1719) wifi_init: accept mbox: 6[0m
[0;32mI (1729) wifi_init: tcpip mbox: 32[0m
[0;32mI (1729) wifi_init: udp mbox: 6[0m
[0;32mI (1739) wifi_init: tcp mbox: 6[0m
[0;32mI (1739) wifi_init: tcp tx win: 5760[0m
[0;32mI (1739) wifi_init: tcp rx win: 5760[0m
[0;32mI (1749) wifi_init: tcp mss: 1440[0m
[0;32mI (1749) wifi_init: WiFi IRAM OP enabled[0m
[0;32mI (1759) wifi_init: WiFi RX IRAM OP enabled[0m
[0;32mI (1759) wifi:Set ps type: 0, coexist: 0[0m

[0;32mI (1769) phy_init: phy_version 4840,02e0d70,Sep  2 2024,19:39:07[0m
[0;32mI (1839) wifi:mode : sta (bc:dd:c2:c1:a0:d0)[0m
[0;32mI (1839) wifi:enable tsf[0m
[0;32mI (1849) main_app: OTA/diag server started on port 80[0m
[0;32mI (1859) gpio: GPIO[33]| InputEn: 0| OutputEn: 0| OpenDrain: 0| Pullup: 1| Pulldown: 0| Intr:0 [0m
[0;32mI (1859) enhanced_ota: OTA/diag endpoints registered on shared HTTP server[0m
[0;32mI (1869) esp32-cam Webserver: Camera server started on port 81[0m
[0;32mI (1869) esp32-cam Webserver: Initializing camera...[0m
[0;32mI (1879) main_app: Heap(8bit)=4309847  PSRAM=4191340[0m
[0;32mI (1879) gpio: GPIO[25]| InputEn: 1| OutputEn: 0| OpenDrain: 0| Pullup: 1| Pulldown: 0| Intr:2 [0m
[0;32mI (1899) cam_hal: cam init ok[0m
[0;32mI (1899) sccb: pin_sda 26 pin_scl 27[0m
[0;32mI (1899) sccb: sccb_i2c_port=1[0m
[0;32mI (1909) gpio: GPIO[32]| InputEn: 0| OutputEn: 1| OpenDrain: 0| Pullup: 0| Pulldown: 0| Intr:0 [0m
[0;32mI (1939) camera: Detected camera at address=0x30[0m
[0;32mI (1939) camera: Detected OV2640 camera[0m
[0;32mI (1939) camera: Camera PID=0x26 VER=0x42 MIDL=0x7f MIDH=0xa2[0m
[0;32mI (2029) cam_hal: buffer_size: 32768, half_buffer_size: 4096, node_buffer_size: 2048, node_cnt: 16, total_cnt: 23[0m
[0;32mI (2029) cam_hal: Allocating 96000 Byte frame buffer in PSRAM[0m
[0;32mI (2039) cam_hal: cam config ok[0m
[0;32mI (2039) ov2640: Set PLL: clk_2x: 0, clk_div: 0, pclk_auto: 0, pclk_div: 8[0m
[0;32mI (2139) main_app: App running. camera_init_ok=1, camera_server_ok=1[0m
[0;32mI (2139) main_task: Returned from app_main()[0m
[0;32mI (3069) wifi:new:<11,0>, old:<1,0>, ap:<255,255>, sta:<11,0>, prof:1, snd_ch_cfg:0x0[0m
[0;32mI (3069) wifi:state: init -> auth (0xb0)[0m
ï¿½ets Jun  8 2016 00:22:57

rst:0x3 (SW_RESET),boot:0x13 (SPI_FAST_FLASH_BOOT)
configsip: 0, SPIWP:0xee
clk_drv:0x00,q_drv:0x00,d_drv:0x00,cs0_drv:0x00,hd_drv:0x00,wp_drv:0x00
mode:DIO, clock div:2
load:0x3fff0030,len:7176
load:0x40078000,len:15648
load:0x40080400,len:4
ho 8 tail 4 room 4
load:0x40080404,len:3904
entry 0x40080640
[0;32mI (60) boot: ESP-IDF v5.3.2-dirty 2nd stage bootloader[0m
[0;32mI (60) boot: compile time Jul 29 2025 01:43:21[0m
[0;32mI (60) boot: Multicore bootloader[0m
[0;32mI (65) boot: chip revision: v1.0[0m
[0;32mI (69) boot.esp32: SPI Speed      : 40MHz[0m
[0;32mI (74) boot.esp32: SPI Mode       : DIO[0m
[0;32mI (78) boot.esp32: SPI Flash Size : 4MB[0m
[0;32mI (83) boot: Enabling RNG early entropy source...[0m
[0;32mI (88) boot: Partition Table:[0m
[0;32mI (92) boot: ## Label            Usage          Type ST Offset   Length[0m
[0;32mI (99) boot:  0 nvs              WiFi data        01 02 0000d000 00004000[0m
[0;32mI (107) boot:  1 otadata          OTA data         01 00 00011000 00002000[0m
[0;32mI (114) boot:  2 phy_init         RF data          01 01 00013000 00001000[0m
[0;32mI (122) boot:  3 ota_0            OTA app          00 10 00020000 00150000[0m
[0;32mI (129) boot:  4 ota_1            OTA app          00 11 00170000 00150000[0m
[0;32mI (137) boot: End of partition table[0m
[0;32mI (141) esp_image: segment 0: paddr=00020020 vaddr=3f400020 size=2fe58h (196184) map[0m
[0;32mI (217) esp_image: segment 1: paddr=0004fe80 vaddr=3ffb0000 size=00198h (   408) load[0m
[0;32mI (217) esp_image: segment 2: paddr=00050020 vaddr=400d0020 size=c1ea4h (794276) map[0m
[0;32mI (495) esp_image: segment 3: paddr=00111ecc vaddr=3ffb0198 size=05500h ( 21760) load[0m
[0;32mI (503) esp_image: segment 4: paddr=001173d4 vaddr=40080000 size=1f028h (127016) load[0m
[0;32mI (569) boot: Loaded app from partition at offset 0x20000[0m
[0;32mI (569) boot: Disabling RNG early entropy source...[0m
[0;32mI (581) quad_psram: This chip is ESP32-D0WD[0m
[0;32mI (583) esp_psram: Found 8MB PSRAM device[0m
[0;32mI (583) esp_psram: Speed: 40MHz[0m
[0;32mI (585) esp_psram: PSRAM initialized, cache is in low/high (2-core) mode.[0m
[0;33mW (592) esp_psram: Virtual address not enough for PSRAM, map as much as we can. 4MB is mapped[0m
[0;32mI (601) cpu_start: Multicore app[0m
[0;32mI (1508) esp_psram: SPI SRAM memory test OK[0m
[0;32mI (1516) cpu_start: Pro cpu start user code[0m
[0;32mI (1516) cpu_start: cpu freq: 160000000 Hz[0m
[0;32mI (1516) app_init: Application information:[0m
[0;32mI (1519) app_init: Project name:     esp32_sentry[0m
[0;32mI (1525) app_init: App version:      v5.3.2-dirty[0m
[0;32mI (1530) app_init: Compile time:     Jul 29 2025 01:44:12[0m
[0;32mI (1536) app_init: ELF file SHA256:  4e6c935f7...[0m
[0;32mI (1542) app_init: ESP-IDF:          v5.3.2-dirty[0m
[0;32mI (1547) efuse_init: Min chip rev:     v0.0[0m
[0;32mI (1552) efuse_init: Max chip rev:     v3.99 [0m
[0;32mI (1557) efuse_init: Chip rev:         v1.0[0m
[0;32mI (1562) heap_init: Initializing. RAM available for dynamic allocation:[0m
[0;32mI (1569) heap_init: At 3FFAE6E0 len 00001920 (6 KiB): DRAM[0m
[0;32mI (1575) heap_init: At 3FFBBFA0 len 00024060 (144 KiB): DRAM[0m
[0;32mI (1581) heap_init: At 3FFE0440 len 00003AE0 (14 KiB): D/IRAM[0m
[0;32mI (1588) heap_init: At 3FFE4350 len 0001BCB0 (111 KiB): D/IRAM[0m
[0;32mI (1594) heap_init: At 4009F028 len 00000FD8 (3 KiB): IRAM[0m
[0;32mI (1601) esp_psram: Adding pool of 4096K of PSRAM memory to heap allocator[0m
[0;32mI (1610) spi_flash: detected chip: generic[0m
[0;32mI (1613) spi_flash: flash io: dio[0m
[0;33mW (1617) i2c: This driver is an old driver, please migrate your application code to adapt `driver/i2c_master.h`[0m
[0;32mI (1629) main_task: Started on CPU0[0m
[0;32mI (1639) esp_psram: Reserving pool of 32K of internal memory for DMA/internal allocations[0m
[0;32mI (1639) main_task: Calling app_main()[0m
[0;32mI (1639) main_app: App starting. Initializing NVS...[0m
[0;31mE (1669) task_wdt: esp_task_wdt_init(515): TWDT already initialized[0m
[0;32mI (1679) wifi:wifi driver task: 3ffcbe28, prio:23, stack:6656, core=0[0m
[0;32mI (1679) wifi:wifi firmware version: b0fd6006b[0m
[0;32mI (1679) wifi:wifi certification version: v7.0[0m
[0;32mI (1679) wifi:config NVS flash: enabled[0m
[0;32mI (1679) wifi:config nano formating: disabled[0m
[0;32mI (1689) wifi:Init data frame dynamic rx buffer num: 32[0m
[0;32mI (1689) wifi:Init static rx mgmt buffer num: 5[0m
[0;32mI (1699) wifi:Init management short buffer num: 32[0m
[0;32mI (1699) wifi:Init static tx buffer num: 16[0m
[0;32mI (1709) wifi:Init tx cache buffer num: 32[0m
[0;32mI (1709) wifi:Init static rx buffer size: 1600[0m
[0;32mI (1709) wifi:Init static rx buffer num: 10[0m
[0;32mI (1719) wifi:Init dynamic rx buffer num: 32[0m
[0;32mI (1719) wifi_init: rx ba win: 6[0m
[0;32mI (1719) wifi_init: accept mbox: 6[0m
[0;32mI (1729) wifi_init: tcpip mbox: 32[0m
[0;32mI (1729) wifi_init: udp mbox: 6[0m
[0;32mI (1739) wifi_init: tcp mbox: 6[0m
[0;32mI (1739) wifi_init: tcp tx win: 5760[0m
[0;32mI (1739) wifi_init: tcp rx win: 5760[0m
[0;32mI (1749) wifi_init: tcp mss: 1440[0m
[0;32mI (1749) wifi_init: WiFi IRAM OP enabled[0m
[0;32mI (1759) wifi_init: WiFi RX IRAM OP enabled[0m
[0;32mI (1759) wifi:Set ps type: 0, coexist: 0[0m

[0;32mI (1769) phy_init: phy_version 4840,02e0d70,Sep  2 2024,19:39:07[0m
[0;32mI (1839) wifi:mode : sta (bc:dd:c2:c1:a0:d0)[0m
[0;32mI (1849) wifi:enable tsf[0m
[0;32mI (1859) main_app: OTA/diag server started on port 80[0m
[0;32mI (1859) gpio: GPIO[33]| InputEn: 0| OutputEn: 0| OpenDrain: 0| Pullup: 1| Pulldown: 0| Intr:0 [0m
[0;32mI (1859) enhanced_ota: OTA/diag endpoints registered on shared HTTP server[0m
[0;32mI (1869) esp32-cam Webserver: Camera server started on port 81[0m
[0;32mI (1869) esp32-cam Webserver: Initializing camera...[0m
[0;32mI (1879) main_app: Heap(8bit)=4309847  PSRAM=4191340[0m
[0;32mI (1889) gpio: GPIO[25]| InputEn: 1| OutputEn: 0| OpenDrain: 0| Pullup: 1| Pulldown: 0| Intr:2 [0m
[0;32mI (1899) cam_hal: cam init ok[0m
[0;32mI (1899) sccb: pin_sda 26 pin_scl 27[0m
[0;32mI (1899) sccb: sccb_i2c_port=1[0m
[0;32mI (1909) gpio: GPIO[32]| InputEn: 0| OutputEn: 1| OpenDrain: 0| Pullup: 0| Pulldown: 0| Intr:0 [0m
[0;32mI (1949) camera: Detected camera at address=0x30[0m
[0;32mI (1949) camera: Detected OV2640 camera[0m
[0;32mI (1949) camera: Camera PID=0x26 VER=0x42 MIDL=0x7f MIDH=0xa2[0m
[0;32mI (2039) cam_hal: buffer_size: 32768, half_buffer_size: 4096, node_buffer_size: 2048, node_cnt: 16, total_cnt: 23[0m
[0;32mI (2039) cam_hal: Allocating 96000 Byte frame buffer in PSRAM[0m
[0;32mI (2049) cam_hal: cam config ok[0m
[0;32mI (2049) ov2640: Set PLL: clk_2x: 0, clk_div: 0, pclk_auto: 0, pclk_div: 8[0m
[0;32mI (2149) main_app: App running. camera_init_ok=1, camera_server_ok=1[0m
[0;32mI (2149) main_task: Returned from app_main()[0m
[0;32mI (3069) wifi:new:<11,0>, old:<1,0>, ap:<255,255>, sta:<11,0>, prof:1, snd_ch_cfg:0x0[0m
[0;32mI (3069) wifi:state: init -> auth (0xb0)[0m
ï¿½ets Jun  8 2016 00:22:57

rst:0x3 (SW_RESET),boot:0x13 (SPI_FAST_FLASH_BOOT)
configsip: 0, SPIWP:0xee
clk_drv:0x00,q_drv:0x00,d_drv:0x00,cs0_drv:0x00,hd_drv:0x00,wp_drv:0x00
mode:DIO, clock div:2
load:0x3fff0030,len:7176
load:0x40078000,len:15648
load:0x40080400,len:4
ho 8 tail 4 room 4
load:0x40080404,len:3904
entry 0x40080640
[0;32mI (60) boot: ESP-IDF v5.3.2-dirty 2nd stage bootloader[0m
[0;32mI (60) boot: compile time Jul 29 2025 01:43:21[0m
[0;32mI (60) boot: Multicore bootloader[0m
[0;32mI (65) boot: chip revision: v1.0[0m
[0;32mI (69) boot.esp32: SPI Speed      : 40MHz[0m
[0;32mI (74) boot.esp32: SPI Mode       : DIO[0m
[0;32mI (78) boot.esp32: SPI Flash Size : 4MB[0m
[0;32mI (83) boot: Enabling RNG early entropy source...[0m
[0;32mI (88) boot: Partition Table:[0m
[0;32mI (92) boot: ## Label            Usage          Type ST Offset   Length[0m
[0;32mI (99) boot:  0 nvs              WiFi data        01 02 0000d000 00004000[0m
[0;32mI (107) boot:  1 otadata          OTA data         01 00 00011000 00002000[0m
[0;32mI (114) boot:  2 phy_init         RF data          01 01 00013000 00001000[0m
[0;32mI (122) boot:  3 ota_0            OTA app          00 10 00020000 00150000[0m
[0;32mI (129) boot:  4 ota_1            OTA app          00 11 00170000 00150000[0m
[0;32mI (137) boot: End of partition table[0m
[0;32mI (141) esp_image: segment 0: paddr=00020020 vaddr=3f400020 size=2fe58h (196184) map[0m
[0;32mI (217) esp_image: segment 1: paddr=0004fe80 vaddr=3ffb0000 size=00198h (   408) load[0m
[0;32mI (217) esp_image: segment 2: paddr=00050020 vaddr=400d0020 size=c1ea4h (794276) map[0m
[0;32mI (495) esp_image: segment 3: paddr=00111ecc vaddr=3ffb0198 size=05500h ( 21760) load[0m
[0;32mI (503) esp_image: segment 4: paddr=001173d4 vaddr=40080000 size=1f028h (127016) load[0m
[0;32mI (569) boot: Loaded app from partition at offset 0x20000[0m
[0;32mI (569) boot: Disabling RNG early entropy source...[0m
[0;32mI (581) quad_psram: This chip is ESP32-D0WD[0m
[0;32mI (583) esp_psram: Found 8MB PSRAM device[0m
[0;32mI (583) esp_psram: Speed: 40MHz[0m
[0;32mI (585) esp_psram: PSRAM initialized, cache is in low/high (2-core) mode.[0m
[0;33mW (592) esp_psram: Virtual address not enough for PSRAM, map as much as we can. 4MB is mapped[0m
[0;32mI (601) cpu_start: Multicore app[0m
[0;32mI (1508) esp_psram: SPI SRAM memory test OK[0m
[0;32mI (1516) cpu_start: Pro cpu start user code[0m
[0;32mI (1516) cpu_start: cpu freq: 160000000 Hz[0m
[0;32mI (1516) app_init: Application information:[0m
[0;32mI (1519) app_init: Project name:     esp32_sentry[0m
[0;32mI (1525) app_init: App version:      v5.3.2-dirty[0m
[0;32mI (1530) app_init: Compile time:     Jul 29 2025 01:44:12[0m
[0;32mI (1536) app_init: ELF file SHA256:  4e6c935f7...[0m
[0;32mI (1542) app_init: ESP-IDF:          v5.3.2-dirty[0m
[0;32mI (1547) efuse_init: Min chip rev:     v0.0[0m
[0;32mI (1552) efuse_init: Max chip rev:     v3.99 [0m
[0;32mI (1557) efuse_init: Chip rev:         v1.0[0m
[0;32mI (1562) heap_init: Initializing. RAM available for dynamic allocation:[0m
[0;32mI (1569) heap_init: At 3FFAE6E0 len 00001920 (6 KiB): DRAM[0m
[0;32mI (1575) heap_init: At 3FFBBFA0 len 00024060 (144 KiB): DRAM[0m
[0;32mI (1581) heap_init: At 3FFE0440 len 00003AE0 (14 KiB): D/IRAM[0m
[0;32mI (1588) heap_init: At 3FFE4350 len 0001BCB0 (111 KiB): D/IRAM[0m
[0;32mI (1594) heap_init: At 4009F028 len 00000FD8 (3 KiB): IRAM[0m
[0;32mI (1601) esp_psram: Adding pool of 4096K of PSRAM memory to heap allocator[0m
[0;32mI (1610) spi_flash: detected chip: generic[0m
[0;32mI (1613) spi_flash: flash io: dio[0m
[0;33mW (1617) i2c: This driver is an old driver, please migrate your application code to adapt `driver/i2c_master.h`[0m
[0;32mI (1629) main_task: Started on CPU0[0m
[0;32mI (1639) esp_psram: Reserving pool of 32K of internal memory for DMA/internal allocations[0m
[0;32mI (1639) main_task: Calling app_main()[0m
[0;32mI (1639) main_app: App starting. Initializing NVS...[0m
[0;31mE (1669) task_wdt: esp_task_wdt_init(515): TWDT already initialized[0m
[0;32mI (1679) wifi:wifi driver task: 3ffcbe28, prio:23, stack:6656, core=0[0m
[0;32mI (1679) wifi:wifi firmware version: b0fd6006b[0m
[0;32mI (1679) wifi:wifi certification version: v7.0[0m
[0;32mI (1679) wifi:config NVS flash: enabled[0m
[0;32mI (1679) wifi:config nano formating: disabled[0m
[0;32mI (1689) wifi:Init data frame dynamic rx buffer num: 32[0m
[0;32mI (1689) wifi:Init static rx mgmt buffer num: 5[0m
[0;32mI (1699) wifi:Init management short buffer num: 32[0m
[0;32mI (1699) wifi:Init static tx buffer num: 16[0m
[0;32mI (1709) wifi:Init tx cache buffer num: 32[0m
[0;32mI (1709) wifi:Init static rx buffer size: 1600[0m
[0;32mI (1709) wifi:Init static rx buffer num: 10[0m
[0;32mI (1719) wifi:Init dynamic rx buffer num: 32[0m
[0;32mI (1719) wifi_init: rx ba win: 6[0m
[0;32mI (1719) wifi_init: accept mbox: 6[0m
[0;32mI (1729) wifi_init: tcpip mbox: 32[0m
[0;32mI (1729) wifi_init: udp mbox: 6[0m
[0;32mI (1739) wifi_init: tcp mbox: 6[0m
[0;32mI (1739) wifi_init: tcp tx win: 5760[0m
[0;32mI (1739) wifi_init: tcp rx win: 5760[0m
[0;32mI (1749) wifi_init: tcp mss: 1440[0m
[0;32mI (1749) wifi_init: WiFi IRAM OP enabled[0m
[0;32mI (1759) wifi_init: WiFi RX IRAM OP enabled[0m
[0;32mI (1759) wifi:Set ps type: 0, coexist: 0[0m

[0;32mI (1769) phy_init: phy_version 4840,02e0d70,Sep  2 2024,19:39:07[0m
[0;32mI (1849) wifi:mode : sta (bc:dd:c2:c1:a0:d0)[0m
[0;32mI (1849) wifi:enable tsf[0m
[0;32mI (1859) main_app: OTA/diag server started on port 80[0m
[0;32mI (1859) gpio: GPIO[33]| InputEn: 0| OutputEn: 0| OpenDrain: 0| Pullup: 1| Pulldown: 0| Intr:0 [0m
[0;32mI (1859) enhanced_ota: OTA/diag endpoints registered on shared HTTP server[0m
[0;32mI (1869) esp32-cam Webserver: Camera server started on port 81[0m
[0;32mI (1869) esp32-cam Webserver: Initializing camera...[0m
[0;32mI (1879) main_app: Heap(8bit)=4309847  PSRAM=4191340[0m
[0;32mI (1889) gpio: GPIO[25]| InputEn: 1| OutputEn: 0| OpenDrain: 0| Pullup: 1| Pulldown: 0| Intr:2 [0m
[0;32mI (1899) cam_hal: cam init ok[0m
[0;32mI (1899) sccb: pin_sda 26 pin_scl 27[0m
[0;32mI (1899) sccb: sccb_i2c_port=1[0m
[0;32mI (1909) gpio: GPIO[32]| InputEn: 0| OutputEn: 1| OpenDrain: 0| Pullup: 0| Pulldown: 0| Intr:0 [0m
[0;32mI (1949) camera: Detected camera at address=0x30[0m
[0;32mI (1949) camera: Detected OV2640 camera[0m
[0;32mI (1949) camera: Camera PID=0x26 VER=0x42 MIDL=0x7f MIDH=0xa2[0m
[0;32mI (2039) cam_hal: buffer_size: 32768, half_buffer_size: 4096, node_buffer_size: 2048, node_cnt: 16, total_cnt: 23[0m
[0;32mI (2039) cam_hal: Allocating 96000 Byte frame buffer in PSRAM[0m
[0;32mI (2049) cam_hal: cam config ok[0m
[0;32mI (2049) ov2640: Set PLL: clk_2x: 0, clk_div: 0, pclk_auto: 0, pclk_div: 8[0m
[0;32mI (2149) main_app: App running. camera_init_ok=1, camera_server_ok=1[0m
[0;32mI (2149) main_task: Returned from app_main()[0m
[0;32mI (3099) wifi:new:<11,0>, old:<1,0>, ap:<255,255>, sta:<11,0>, prof:1, snd_ch_cfg:0x0[0m
[0;32mI (3099) wifi:state: init -> auth (0xb0)[0m
ï¿½ets Jun  8 2016 00:22:57

rst:0x3 (SW_RESET),boot:0x13 (SPI_FAST_FLASH_BOOT)
configsip: 0, SPIWP:0xee
clk_drv:0x00,q_drv:0x00,d_drv:0x00,cs0_drv:0x00,hd_drv:0x00,wp_drv:0x00
mode:DIO, clock div:2
load:0x3fff0030,len:7176
load:0x40078000,len:15648
load:0x40080400,len:4
ho 8 tail 4 room 4
load:0x40080404,len:3904
entry 0x40080640
[0;32mI (60) boot: ESP-IDF v5.3.2-dirty 2nd stage bootloader[0m
[0;32mI (60) boot: compile time Jul 29 2025 01:43:21[0m
[0;32mI (60) boot: Multicore bootloader[0m
[0;32mI (65) boot: chip revision: v1.0[0m
[0;32mI (69) boot.esp32: SPI Speed      : 40MHz[0m
[0;32mI (74) boot.esp32: SPI Mode       : DIO[0m
[0;32mI (78) boot.esp32: SPI Flash Size : 4MB[0m
[0;32mI (83) boot: Enabling RNG early entropy source...[0m
[0;32mI (88) boot: Partition Table:[0m
[0;32mI (92) boot: ## Label            Usage          Type ST Offset   Length[0m
[0;32mI (99) boot:  0 nvs              WiFi data        01 02 0000d000 00004000[0m
[0;32mI (107) boot:  1 otadata          OTA data         01 00 00011000 00002000[0m
[0;32mI (114) boot:  2 phy_init         RF data          01 01 00013000 00001000[0m
[0;32mI (122) boot:  3 ota_0            OTA app          00 10 00020000 00150000[0m
[0;32mI (129) boot:  4 ota_1            OTA app          00 11 00170000 00150000[0m
[0;32mI (137) boot: End of partition table[0m
[0;32mI (141) esp_image: segment 0: paddr=00020020 vaddr=3f400020 size=2fe58h (196184) map[0m
[0;32mI (217) esp_image: segment 1: paddr=0004fe80 vaddr=3ffb0000 size=00198h (   408) load[0m
[0;32mI (217) esp_image: segment 2: paddr=00050020 vaddr=400d0020 size=c1ea4h (794276) map[0m
[0;32mI (495) esp_image: segment 3: paddr=00111ecc vaddr=3ffb0198 size=05500h ( 21760) load[0m
[0;32mI (503) esp_image: segment 4: paddr=001173d4 vaddr=40080000 size=1f028h (127016) load[0m
[0;32mI (569) boot: Loaded app from partition at offset 0x20000[0m
[0;32mI (569) boot: Disabling RNG early entropy source...[0m
[0;32mI (581) quad_psram: This chip is ESP32-D0WD[0m
[0;32mI (583) esp_psram: Found 8MB PSRAM device[0m
[0;32mI (583) esp_psram: Speed: 40MHz[0m
[0;32mI (585) esp_psram: PSRAM initialized, cache is in low/high (2-core) mode.[0m
[0;33mW (592) esp_psram: Virtual address not enough for PSRAM, map as much as we can. 4MB is mapped[0m
[0;32mI (601) cpu_start: Multicore app[0m
[0;32mI (1508) esp_psram: SPI SRAM memory test OK[0m
[0;32mI (1516) cpu_start: Pro cpu start user code[0m
[0;32mI (1516) cpu_start: cpu freq: 160000000 Hz[0m
[0;32mI (1516) app_init: Application information:[0m
[0;32mI (1519) app_init: Project name:     esp32_sentry[0m
[0;32mI (1525) app_init: App version:      v5.3.2-dirty[0m
[0;32mI (1530) app_init: Compile time:     Jul 29 2025 01:44:12[0m
[0;32mI (1536) app_init: ELF file SHA256:  4e6c935f7...[0m
[0;32mI (1542) app_init: ESP-IDF:          v5.3.2-dirty[0m
[0;32mI (1547) efuse_init: Min chip rev:     v0.0[0m
[0;32mI (1552) efuse_init: Max chip rev:     v3.99 [0m
[0;32mI (1557) efuse_init: Chip rev:         v1.0[0m
[0;32mI (1562) heap_init: Initializing. RAM available for dynamic allocation:[0m
[0;32mI (1569) heap_init: At 3FFAE6E0 len 00001920 (6 KiB): DRAM[0m
[0;32mI (1575) heap_init: At 3FFBBFA0 len 00024060 (144 KiB): DRAM[0m
[0;32mI (1581) heap_init: At 3FFE0440 len 00003AE0 (14 KiB): D/IRAM[0m
[0;32mI (1588) heap_init: At 3FFE4350 len 0001BCB0 (111 KiB): D/IRAM[0m
[0;32mI (1594) heap_init: At 4009F028 len 00000FD8 (3 KiB): IRAM[0m
[0;32mI (1601) esp_psram: Adding pool of 4096K of PSRAM memory to heap allocator[0m
[0;32mI (1610) spi_flash: detected chip: generic[0m
[0;32mI (1613) spi_flash: flash io: dio[0m
[0;33mW (1617) i2c: This driver is an old driver, please migrate your application code to adapt `driver/i2c_master.h`[0m
[0;32mI (1629) main_task: Started on CPU0[0m
[0;32mI (1639) esp_psram: Reserving pool of 32K of internal memory for DMA/internal allocations[0m
[0;32mI (1639) main_task: Calling app_main()[0m
[0;32mI (1639) main_app: App starting. Initializing NVS...[0m
[0;31mE (1669) task_wdt: esp_task_wdt_init(515): TWDT already initialized[0m
[0;32mI (1679) wifi:wifi driver task: 3ffcbe28, prio:23, stack:6656, core=0[0m
[0;32mI (1679) wifi:wifi firmware version: b0fd6006b[0m
[0;32mI (1679) wifi:wifi certification version: v7.0[0m
[0;32mI (1679) wifi:config NVS flash: enabled[0m
[0;32mI (1679) wifi:config nano formating: disabled[0m
[0;32mI (1689) wifi:Init data frame dynamic rx buffer num: 32[0m
[0;32mI (1689) wifi:Init static rx mgmt buffer num: 5[0m
[0;32mI (1699) wifi:Init management short buffer num: 32[0m
[0;32mI (1699) wifi:Init static tx buffer num: 16[0m
[0;32mI (1709) wifi:Init tx cache buffer num: 32[0m
[0;32mI (1709) wifi:Init static rx buffer size: 1600[0m
[0;32mI (1709) wifi:Init static rx buffer num: 10[0m
[0;32mI (1719) wifi:Init dynamic rx buffer num: 32[0m
[0;32mI (1719) wifi_init: rx ba win: 6[0m
[0;32mI (1719) wifi_init: accept mbox: 6[0m
[0;32mI (1729) wifi_init: tcpip mbox: 32[0m
[0;32mI (1729) wifi_init: udp mbox: 6[0m
[0;32mI (1739) wifi_init: tcp mbox: 6[0m
[0;32mI (1739) wifi_init: tcp tx win: 5760[0m
[0;32mI (1739) wifi_init: tcp rx win: 5760[0m
[0;32mI (1749) wifi_init: tcp mss: 1440[0m
[0;32mI (1749) wifi_init: WiFi IRAM OP enabled[0m
[0;32mI (1759) wifi_init: WiFi RX IRAM OP enabled[0m
[0;32mI (1759) wifi:Set ps type: 0, coexist: 0[0m

[0;32mI (1769) phy_init: phy_version 4840,02e0d70,Sep  2 2024,19:39:07[0m
[0;32mI (1839) wifi:mode : sta (bc:dd:c2:c1:a0:d0)[0m
[0;32mI (1849) wifi:enable tsf[0m
[0;32mI (1859) main_app: OTA/diag server started on port 80[0m
[0;32mI (1859) gpio: GPIO[33]| InputEn: 0| OutputEn: 0| OpenDrain: 0| Pullup: 1| Pulldown: 0| Intr:0 [0m
[0;32mI (1859) enhanced_ota: OTA/diag endpoints registered on shared HTTP server[0m
[0;32mI (1869) esp32-cam Webserver: Camera server started on port 81[0m
[0;32mI (1869) esp32-cam Webserver: Initializing camera...[0m
[0;32mI (1879) main_app: Heap(8bit)=4309847  PSRAM=4191340[0m
[0;32mI (1889) gpio: GPIO[25]| InputEn: 1| OutputEn: 0| OpenDrain: 0| Pullup: 1| Pulldown: 0| Intr:2 [0m
[0;32mI (1899) cam_hal: cam init ok[0m
[0;32mI (1899) sccb: pin_sda 26 pin_scl 27[0m
[0;32mI (1899) sccb: sccb_i2c_port=1[0m
[0;32mI (1909) gpio: GPIO[32]| InputEn: 0| OutputEn: 1| OpenDrain: 0| Pullup: 0| Pulldown: 0| Intr:0 [0m
[0;32mI (1949) camera: Detected camera at address=0x30[0m
[0;32mI (1949) camera: Detected OV2640 camera[0m
[0;32mI (1949) camera: Camera PID=0x26 VER=0x42 MIDL=0x7f MIDH=0xa2[0m
[0;32mI (2039) cam_hal: buffer_size: 32768, half_buffer_size: 4096, node_buffer_size: 2048, node_cnt: 16, total_cnt: 23[0m
[0;32mI (2039) cam_hal: Allocating 96000 Byte frame buffer in PSRAM[0m
[0;32mI (2049) cam_hal: cam config ok[0m
[0;32mI (2049) ov2640: Set PLL: clk_2x: 0, clk_div: 0, pclk_auto: 0, pclk_div: 8[0m
[0;32mI (2149) main_app: App running. camera_init_ok=1, camera_server_ok=1[0m
[0;32mI (2149) main_task: Returned from app_main()[0m
[0;32mI (3069) wifi:new:<11,0>, old:<1,0>, ap:<255,255>, sta:<11,0>, prof:1, snd_ch_cfg:0x0[0m
[0;32mI (3069) wifi:state: init -> auth (0xb0)[0m
ï¿½ets Jun  8 2016 00:22:57

rst:0x3 (SW_RESET),boot:0x13 (SPI_FAST_FLASH_BOOT)
configsip: 0, SPIWP:0xee
clk_drv:0x00,q_drv:0x00,d_drv:0x00,cs0_drv:0x00,hd_drv:0x00,wp_drv:0x00
mode:DIO, clock div:2
load:0x3fff0030,len:7176
load:0x40078000,len:15648
load:0x40080400,len:4
ho 8 tail 4 room 4
load:0x40080404,len:3904
entry 0x40080640
[0;32mI (60) boot: ESP-IDF v5.3.2-dirty 2nd stage bootloader[0m
[0;32mI (60) boot: compile time Jul 29 2025 01:43:21[0m
[0;32mI (60) boot: Multicore bootloader[0m
[0;32mI (65) boot: chip revision: v1.0[0m
[0;32mI (69) boot.esp32: SPI Speed      : 40MHz[0m
[0;32mI (74) boot.esp32: SPI Mode       : DIO[0m
[0;32mI (78) boot.esp32: SPI Flash Size : 4MB[0m
[0;32mI (83) boot: Enabling RNG early entropy source...[0m
[0;32mI (88) boot: Partition Table:[0m
[0;32mI (92) boot: ## Label            Usage          Type ST Offset   Length[0m
[0;32mI (99) boot:  0 nvs              WiFi data        01 02 0000d000 00004000[0m
[0;32mI (107) boot:  1 otadata          OTA data         01 00 00011000 00002000[0m
[0;32mI (114) boot:  2 phy_init         RF data          01 01 00013000 00001000[0m
[0;32mI (122) boot:  3 ota_0            OTA app          00 10 00020000 00150000[0m
[0;32mI (129) boot:  4 ota_1            OTA app          00 11 00170000 00150000[0m
[0;32mI (137) boot: End of partition table[0m
[0;32mI (141) esp_image: segment 0: paddr=00020020 vaddr=3f400020 size=2fe58h (196184) map[0m
[0;32mI (217) esp_image: segment 1: paddr=0004fe80 vaddr=3ffb0000 size=00198h (   408) load[0m
[0;32mI (217) esp_image: segment 2: paddr=00050020 vaddr=400d0020 size=c1ea4h (794276) map[0m
[0;32mI (495) esp_image: segment 3: paddr=00111ecc vaddr=3ffb0198 size=05500h ( 21760) load[0m
[0;32mI (503) esp_image: segment 4: paddr=001173d4 vaddr=40080000 size=1f028h (127016) load[0m
[0;32mI (569) boot: Loaded app from partition at offset 0x20000[0m
[0;32mI (569) boot: Disabling RNG early entropy source...[0m
[0;32mI (581) quad_psram: This chip is ESP32-D0WD[0m
[0;32mI (583) esp_psram: Found 8MB PSRAM device[0m
[0;32mI (583) esp_psram: Speed: 40MHz[0m
[0;32mI (585) esp_psram: PSRAM initialized, cache is in low/high (2-core) mode.[0m
[0;33mW (592) esp_psram: Virtual address not enough for PSRAM, map as much as we can. 4MB is mapped[0m
[0;32mI (601) cpu_start: Multicore app[0m
[0;32mI (1508) esp_psram: SPI SRAM memory test OK[0m
[0;32mI (1516) cpu_start: Pro cpu start user code[0m
[0;32mI (1516) cpu_start: cpu freq: 160000000 Hz[0m
[0;32mI (1516) app_init: Application information:[0m
[0;32mI (1519) app_init: Project name:     esp32_sentry[0m
[0;32mI (1525) app_init: App version:      v5.3.2-dirty[0m
[0;32mI (1530) app_init: Compile time:     Jul 29 2025 01:44:12[0m
[0;32mI (1536) app_init: ELF file SHA256:  4e6c935f7...[0m
[0;32mI (1542) app_init: ESP-IDF:          v5.3.2-dirty[0m
[0;32mI (1547) efuse_init: Min chip rev:     v0.0[0m
[0;32mI (1552) efuse_init: Max chip rev:     v3.99 [0m
[0;32mI (1557) efuse_init: Chip rev:         v1.0[0m
[0;32mI (1562) heap_init: Initializing. RAM available for dynamic allocation:[0m
[0;32mI (1569) heap_init: At 3FFAE6E0 len 00001920 (6 KiB): DRAM[0m
[0;32mI (1575) heap_init: At 3FFBBFA0 len 00024060 (144 KiB): DRAM[0m
[0;32mI (1581) heap_init: At 3FFE0440 len 00003AE0 (14 KiB): D/IRAM[0m
[0;32mI (1588) heap_init: At 3FFE4350 len 0001BCB0 (111 KiB): D/IRAM[0m
[0;32mI (1594) heap_init: At 4009F028 len 00000FD8 (3 KiB): IRAM[0m
[0;32mI (1601) esp_psram: Adding pool of 4096K of PSRAM memory to heap allocator[0m
[0;32mI (1610) spi_flash: detected chip: generic[0m
[0;32mI (1613) spi_flash: flash io: dio[0m
[0;33mW (1617) i2c: This driver is an old driver, please migrate your application code to adapt `driver/i2c_master.h`[0m
[0;32mI (1629) main_task: Started on CPU0[0m
[0;32mI (1639) esp_psram: Reserving pool of 32K of internal memory for DMA/internal allocations[0m
[0;32mI (1639) main_task: Calling app_main()[0m
[0;32mI (1639) main_app: App starting. Initializing NVS...[0m
[0;31mE (1669) task_wdt: esp_task_wdt_init(515): TWDT already initialized[0m
[0;32mI (1679) wifi:wifi driver task: 3ffcbe28, prio:23, stack:6656, core=0[0m
[0;32mI (1679) wifi:wifi firmware version: b0fd6006b[0m
[0;32mI (1679) wifi:wifi certification version: v7.0[0m
[0;32mI (1679) wifi:config NVS flash: enabled[0m
[0;32mI (1679) wifi:config nano formating: disabled[0m
[0;32mI (1689) wifi:Init data frame dynamic rx buffer num: 32[0m
[0;32mI (1689) wifi:Init static rx mgmt buffer num: 5[0m
[0;32mI (1699) wifi:Init management short buffer num: 32[0m
[0;32mI (1699) wifi:Init static tx buffer num: 16[0m
[0;32mI (1709) wifi:Init tx cache buffer num: 32[0m
[0;32mI (1709) wifi:Init static rx buffer size: 1600[0m
[0;32mI (1709) wifi:Init static rx buffer num: 10[0m
[0;32mI (1719) wifi:Init dynamic rx buffer num: 32[0m
[0;32mI (1719) wifi_init: rx ba win: 6[0m
[0;32mI (1719) wifi_init: accept mbox: 6[0m
[0;32mI (1729) wifi_init: tcpip mbox: 32[0m
[0;32mI (1729) wifi_init: udp mbox: 6[0m
[0;32mI (1739) wifi_init: tcp mbox: 6[0m
[0;32mI (1739) wifi_init: tcp tx win: 5760[0m
[0;32mI (1739) wifi_init: tcp rx win: 5760[0m
[0;32mI (1749) wifi_init: tcp mss: 1440[0m
[0;32mI (1749) wifi_init: WiFi IRAM OP enabled[0m
[0;32mI (1759) wifi_init: WiFi RX IRAM OP enabled[0m
[0;32mI (1759) wifi:Set ps type: 0, coexist: 0[0m

[0;32mI (1769) phy_init: phy_version 4840,02e0d70,Sep  2 2024,19:39:07[0m
[0;32mI (1839) wifi:mode : sta (bc:dd:c2:c1:a0:d0)[0m
[0;32mI (1849) wifi:enable tsf[0m
[0;32mI (1849) main_app: OTA/diag server started on port 80[0m
[0;32mI (1859) gpio: GPIO[33]| InputEn: 0| OutputEn: 0| OpenDrain: 0| Pullup: 1| Pulldown: 0| Intr:0 [0m
[0;32mI (1859) enhanced_ota: OTA/diag endpoints registered on shared HTTP server[0m
[0;32mI (1869) esp32-cam Webserver: Camera server started on port 81[0m
[0;32mI (1869) esp32-cam Webserver: Initializing camera...[0m
[0;32mI (1879) main_app: Heap(8bit)=4309847  PSRAM=4191340[0m
[0;32mI (1889) gpio: GPIO[25]| InputEn: 1| OutputEn: 0| OpenDrain: 0| Pullup: 1| Pulldown: 0| Intr:2 [0m
[0;32mI (1899) cam_hal: cam init ok[0m
[0;32mI (1899) sccb: pin_sda 26 pin_scl 27[0m
[0;32mI (1899) sccb: sccb_i2c_port=1[0m
[0;32mI (1909) gpio: GPIO[32]| InputEn: 0| OutputEn: 1| OpenDrain: 0| Pullup: 0| Pulldown: 0| Intr:0 [0m
[0;32mI (1949) camera: Detected camera at address=0x30[0m
[0;32mI (1949) camera: Detected OV2640 camera[0m
[0;32mI (1949) camera: Camera PID=0x26 VER=0x42 MIDL=0x7f MIDH=0xa2[0m
ï¿½ets Jun  8 2016 00:22:57

rst:0x3 (SW_RESET),boot:0x13 (SPI_FAST_FLASH_BOOT)
configsip: 0, SPIWP:0xee
clk_drv:0x00,q_drv:0x00,d_drv:0x00,cs0_drv:0x00,hd_drv:0x00,wp_drv:0x00
mode:DIO, clock div:2
load:0x3fff0030,len:7176
load:0x40078000,len:15648
load:0x40080400,len:4
ho 8 tail 4 room 4
load:0x40080404,len:3904
entry 0x40080640
[0;32mI (60) boot: ESP-IDF v5.3.2-dirty 2nd stage bootloader[0m
[0;32mI (60) boot: compile time Jul 29 2025 01:43:21[0m
[0;32mI (60) boot: Multicore bootloader[0m
[0;32mI (65) boot: chip revision: v1.0[0m
[0;32mI (69) boot.esp32: SPI Speed      : 40MHz[0m
[0;32mI (74) boot.esp32: SPI Mode       : DIO[0m
[0;32mI (78) boot.esp32: SPI Flash Size : 4MB[0m
[0;32mI (83) boot: Enabling RNG early entropy source...[0m
[0;32mI (88) boot: Partition Table:[0m
[0;32mI (92) boot: ## Label            Usage          Type ST Offset   Length[0m
[0;32mI (99) boot:  0 nvs              WiFi data        01 02 0000d000 00004000[0m
[0;32mI (107) boot:  1 otadata          OTA data         01 00 00011000 00002000[0m
[0;32mI (114) boot:  2 phy_init         RF data          01 01 00013000 00001000[0m
[0;32mI (122) boot:  3 ota_0            OTA app          00 10 00020000 00150000[0m
[0;32mI (129) boot:  4 ota_1            OTA app          00 11 00170000 00150000[0m
[0;32mI (137) boot: End of partition table[0m
[0;32mI (141) esp_image: segment 0: paddr=00020020 vaddr=3f400020 size=2fe58h (196184) map[0m
[0;32mI (217) esp_image: segment 1: paddr=0004fe80 vaddr=3ffb0000 size=00198h (   408) load[0m
[0;32mI (217) esp_image: segment 2: paddr=00050020 vaddr=400d0020 size=c1ea4h (794276) map[0m
[0;32mI (495) esp_image: segment 3: paddr=00111ecc vaddr=3ffb0198 size=05500h ( 21760) load[0m
[0;32mI (503) esp_image: segment 4: paddr=001173d4 vaddr=40080000 size=1f028h (127016) load[0m
[0;32mI (569) boot: Loaded app from partition at offset 0x20000[0m
[0;32mI (569) boot: Disabling RNG early entropy source...[0m
[0;32mI (581) quad_psram: This chip is ESP32-D0WD[0m
[0;32mI (583) esp_psram: Found 8MB PSRAM device[0m
[0;32mI (583) esp_psram: Speed: 40MHz[0m
[0;32mI (585) esp_psram: PSRAM initialized, cache is in low/high (2-core) mode.[0m
[0;33mW (592) esp_psram: Virtual address not enough for PSRAM, map as much as we can. 4MB is mapped[0m
[0;32mI (601) cpu_start: Multicore app[0m
[0;32mI (1508) esp_psram: SPI SRAM memory test OK[0m
[0;32mI (1516) cpu_start: Pro cpu start user code[0m
[0;32mI (1516) cpu_start: cpu freq: 160000000 Hz[0m
[0;32mI (1516) app_init: Application information:[0m
[0;32mI (1519) app_init: Project name:     esp32_sentry[0m
[0;32mI (1525) app_init: App version:      v5.3.2-dirty[0m
[0;32mI (1530) app_init: Compile time:     Jul 29 2025 01:44:12[0m
[0;32mI (1536) app_init: ELF file SHA256:  4e6c935f7...[0m
[0;32mI (1542) app_init: ESP-IDF:          v5.3.2-dirty[0m
[0;32mI (1547) efuse_init: Min chip rev:     v0.0[0m
[0;32mI (1552) efuse_init: Max chip rev:     v3.99 [0m
[0;32mI (1557) efuse_init: Chip rev:         v1.0[0m
[0;32mI (1562) heap_init: Initializing. RAM available for dynamic allocation:[0m
[0;32mI (1569) heap_init: At 3FFAE6E0 len 00001920 (6 KiB): DRAM[0m
[0;32mI (1575) heap_init: At 3FFBBFA0 len 00024060 (144 KiB): DRAM[0m
[0;32mI (1581) heap_init: At 3FFE0440 len 00003AE0 (14 KiB): D/IRAM[0m
[0;32mI (1588) heap_init: At 3FFE4350 len 0001BCB0 (111 KiB): D/IRAM[0m
[0;32mI (1594) heap_init: At 4009F028 len 00000FD8 (3 KiB): IRAM[0m
[0;32mI (1601) esp_psram: Adding pool of 4096K of PSRAM memory to heap allocator[0m
[0;32mI (1610) spi_flash: detected chip: generic[0m
[0;32mI (1613) spi_flash: flash io: dio[0m
[0;33mW (1617) i2c: This driver is an old driver, please migrate your application code to adapt `driver/i2c_master.h`[0m
[0;32mI (1629) main_task: Started on CPU0[0m
[0;32mI (1639) esp_psram: Reserving pool of 32K of internal memory for DMA/internal allocations[0m
[0;32mI (1639) main_task: Calling app_main()[0m
[0;32mI (1639) main_app: App starting. Initializing NVS...[0m
[0;31mE (1669) task_wdt: esp_task_wdt_init(515): TWDT already initialized[0m
[0;32mI (1679) wifi:wifi driver task: 3ffcbe28, prio:23, stack:6656, core=0[0m
[0;32mI (1679) wifi:wifi firmware version: b0fd6006b[0m
[0;32mI (1679) wifi:wifi certification version: v7.0[0m
[0;32mI (1679) wifi:config NVS flash: enabled[0m
[0;32mI (1679) wifi:config nano formating: disabled[0m
[0;32mI (1689) wifi:Init data frame dynamic rx buffer num: 32[0m
[0;32mI (1689) wifi:Init static rx mgmt buffer num: 5[0m
[0;32mI (1699) wifi:Init management short buffer num: 32[0m
[0;32mI (1699) wifi:Init static tx buffer num: 16[0m
[0;32mI (1709) wifi:Init tx cache buffer num: 32[0m
[0;32mI (1709) wifi:Init static rx buffer size: 1600[0m
[0;32mI (1709) wifi:Init static rx buffer num: 10[0m
[0;32mI (1719) wifi:Init dynamic rx buffer num: 32[0m
[0;32mI (1719) wifi_init: rx ba win: 6[0m
[0;32mI (1719) wifi_init: accept mbox: 6[0m
[0;32mI (1729) wifi_init: tcpip mbox: 32[0m
[0;32mI (1729) wifi_init: udp mbox: 6[0m
[0;32mI (1739) wifi_init: tcp mbox: 6[0m
[0;32mI (1739) wifi_init: tcp tx win: 5760[0m
[0;32mI (1739) wifi_init: tcp rx win: 5760[0m
[0;32mI (1749) wifi_init: tcp mss: 1440[0m
[0;32mI (1749) wifi_init: WiFi IRAM OP enabled[0m
[0;32mI (1759) wifi_init: WiFi RX IRAM OP enabled[0m
[0;32mI (1759) wifi:Set ps type: 0, coexist: 0[0m

[0;32mI (1769) phy_init: phy_version 4840,02e0d70,Sep  2 2024,19:39:07[0m
[0;32mI (1849) wifi:mode : sta (bc:dd:c2:c1:a0:d0)[0m
[0;32mI (1849) wifi:enable tsf[0m
[0;32mI (1859) main_app: OTA/diag server started on port 80[0m
[0;32mI (1859) gpio: GPIO[33]| InputEn: 0| OutputEn: 0| OpenDrain: 0| Pullup: 1| Pulldown: 0| Intr:0 [0m
[0;32mI (1859) enhanced_ota: OTA/diag endpoints registered on shared HTTP server[0m
[0;32mI (1869) esp32-cam Webserver: Camera server started on port 81[0m
[0;32mI (1869) esp32-cam Webserver: Initializing camera...[0m
[0;32mI (1879) main_app: Heap(8bit)=4309847  PSRAM=4191340[0m
[0;32mI (1889) gpio: GPIO[25]| InputEn: 1| OutputEn: 0| OpenDrain: 0| Pullup: 1| Pulldown: 0| Intr:2 [0m
[0;32mI (1899) cam_hal: cam init ok[0m
[0;32mI (1899) sccb: pin_sda 26 pin_scl 27[0m
[0;32mI (1899) sccb: sccb_i2c_port=1[0m
[0;32mI (1909) gpio: GPIO[32]| InputEn: 0| OutputEn: 1| OpenDrain: 0| Pullup: 0| Pulldown: 0| Intr:0 [0m
[0;32mI (1949) camera: Detected camera at address=0x30[0m
[0;32mI (1949) camera: Detected OV2640 camera[0m
[0;32mI (1949) camera: Camera PID=0x26 VER=0x42 MIDL=0x7f MIDH=0xa2[0m
[0;32mI (2039) cam_hal: buffer_size: 32768, half_buffer_size: 4096, node_buffer_size: 2048, node_cnt: 16, total_cnt: 23[0m
[0;32mI (2039) cam_hal: Allocating 96000 Byte frame buffer in PSRAM[0m
[0;32mI (2049) cam_hal: cam config ok[0m
[0;32mI (2049) ov2640: Set PLL: clk_2x: 0, clk_div: 0, pclk_auto: 0, pclk_div: 8[0m
[0;32mI (2149) main_app: App running. camera_init_ok=1, camera_server_ok=1[0m
[0;32mI (2149) main_task: Returned from app_main()[0m
[0;32mI (3069) wifi:new:<11,0>, old:<1,0>, ap:<255,255>, sta:<11,0>, prof:1, snd_ch_cfg:0x0[0m
[0;32mI (3069) wifi:state: init -> auth (0xb0)[0m
ï¿½ets Jun  8 2016 00:22:57

rst:0x3 (SW_RESET),boot:0x13 (SPI_FAST_FLASH_BOOT)
configsip: 0, SPIWP:0xee
clk_drv:0x00,q_drv:0x00,d_drv:0x00,cs0_drv:0x00,hd_drv:0x00,wp_drv:0x00
mode:DIO, clock div:2
load:0x3fff0030,len:7176
load:0x40078000,len:15648
load:0x40080400,len:4
ho 8 tail 4 room 4
load:0x40080404,len:3904
entry 0x40080640
[0;32mI (60) boot: ESP-IDF v5.3.2-dirty 2nd stage bootloader[0m
[0;32mI (60) boot: compile time Jul 29 2025 01:43:21[0m
[0;32mI (60) boot: Multicore bootloader[0m
[0;32mI (65) boot: chip revision: v1.0[0m
[0;32mI (69) boot.esp32: SPI Speed      : 40MHz[0m
[0;32mI (74) boot.esp32: SPI Mode       : DIO[0m
[0;32mI (78) boot.esp32: SPI Flash Size : 4MB[0m
[0;32mI (83) boot: Enabling RNG early entropy source...[0m
[0;32mI (88) boot: Partition Table:[0m
[0;32mI (92) boot: ## Label            Usage          Type ST Offset   Length[0m
[0;32mI (99) boot:  0 nvs              WiFi data        01 02 0000d000 00004000[0m
[0;32mI (107) boot:  1 otadata          OTA data         01 00 00011000 00002000[0m
[0;32mI (114) boot:  2 phy_init         RF data          01 01 00013000 00001000[0m
[0;32mI (122) boot:  3 ota_0            OTA app          00 10 00020000 00150000[0m
[0;32mI (129) boot:  4 ota_1            OTA app          00 11 00170000 00150000[0m
[0;32mI (137) boot: End of partition table[0m
[0;32mI (141) esp_image: segment 0: paddr=00020020 vaddr=3f400020 size=2fe58h (196184) map[0m
[0;32mI (217) esp_image: segment 1: paddr=0004fe80 vaddr=3ffb0000 size=00198h (   408) load[0m
[0;32mI (217) esp_image: segment 2: paddr=00050020 vaddr=400d0020 size=c1ea4h (794276) map[0m
[0;32mI (495) esp_image: segment 3: paddr=00111ecc vaddr=3ffb0198 size=05500h ( 21760) load[0m
[0;32mI (503) esp_image: segment 4: paddr=001173d4 vaddr=40080000 size=1f028h (127016) load[0m
[0;32mI (569) boot: Loaded app from partition at offset 0x20000[0m
[0;32mI (569) boot: Disabling RNG early entropy source...[0m
[0;32mI (581) quad_psram: This chip is ESP32-D0WD[0m
[0;32mI (583) esp_psram: Found 8MB PSRAM device[0m
[0;32mI (583) esp_psram: Speed: 40MHz[0m
[0;32mI (585) esp_psram: PSRAM initialized, cache is in low/high (2-core) mode.[0m
[0;33mW (592) esp_psram: Virtual address not enough for PSRAM, map as much as we can. 4MB is mapped[0m
[0;32mI (601) cpu_start: Multicore app[0m
[0;32mI (1508) esp_psram: SPI SRAM memory test OK[0m
[0;32mI (1516) cpu_start: Pro cpu start user code[0m
[0;32mI (1516) cpu_start: cpu freq: 160000000 Hz[0m
[0;32mI (1516) app_init: Application information:[0m
[0;32mI (1519) app_init: Project name:     esp32_sentry[0m
[0;32mI (1525) app_init: App version:      v5.3.2-dirty[0m
[0;32mI (1530) app_init: Compile time:     Jul 29 2025 01:44:12[0m
[0;32mI (1536) app_init: ELF file SHA256:  4e6c935f7...[0m
[0;32mI (1542) app_init: ESP-IDF:          v5.3.2-dirty[0m
[0;32mI (1547) efuse_init: Min chip rev:     v0.0[0m
[0;32mI (1552) efuse_init: Max chip rev:     v3.99 [0m
[0;32mI (1557) efuse_init: Chip rev:         v1.0[0m
[0;32mI (1562) heap_init: Initializing. RAM available for dynamic allocation:[0m
[0;32mI (1569) heap_init: At 3FFAE6E0 len 00001920 (6 KiB): DRAM[0m
[0;32mI (1575) heap_init: At 3FFBBFA0 len 00024060 (144 KiB): DRAM[0m
[0;32mI (1581) heap_init: At 3FFE0440 len 00003AE0 (14 KiB): D/IRAM[0m
[0;32mI (1588) heap_init: At 3FFE4350 len 0001BCB0 (111 KiB): D/IRAM[0m
[0;32mI (1594) heap_init: At 4009F028 len 00000FD8 (3 KiB): IRAM[0m
[0;32mI (1601) esp_psram: Adding pool of 4096K of PSRAM memory to heap allocator[0m
[0;32mI (1610) spi_flash: detected chip: generic[0m
[0;32mI (1613) spi_flash: flash io: dio[0m
[0;33mW (1617) i2c: This driver is an old driver, please migrate your application code to adapt `driver/i2c_master.h`[0m
[0;32mI (1629) main_task: Started on CPU0[0m
[0;32mI (1639) esp_psram: Reserving pool of 32K of internal memory for DMA/internal allocations[0m
[0;32mI (1639) main_task: Calling app_main()[0m
[0;32mI (1639) main_app: App starting. Initializing NVS...[0m
[0;31mE (1669) task_wdt: esp_task_wdt_init(515): TWDT already initialized[0m
[0;32mI (1679) wifi:wifi driver task: 3ffcbe28, prio:23, stack:6656, core=0[0m
[0;32mI (1679) wifi:wifi firmware version: b0fd6006b[0m
[0;32mI (1679) wifi:wifi certification version: v7.0[0m
[0;32mI (1679) wifi:config NVS flash: enabled[0m
[0;32mI (1679) wifi:config nano formating: disabled[0m
[0;32mI (1689) wifi:Init data frame dynamic rx buffer num: 32[0m
[0;32mI (1689) wifi:Init static rx mgmt buffer num: 5[0m
[0;32mI (1699) wifi:Init management short buffer num: 32[0m
[0;32mI (1699) wifi:Init static tx buffer num: 16[0m
[0;32mI (1709) wifi:Init tx cache buffer num: 32[0m
[0;32mI (1709) wifi:Init static rx buffer size: 1600[0m
[0;32mI (1709) wifi:Init static rx buffer num: 10[0m
[0;32mI (1719) wifi:Init dynamic rx buffer num: 32[0m
[0;32mI (1719) wifi_init: rx ba win: 6[0m
[0;32mI (1719) wifi_init: accept mbox: 6[0m
[0;32mI (1729) wifi_init: tcpip mbox: 32[0m
[0;32mI (1729) wifi_init: udp mbox: 6[0m
[0;32mI (1739) wifi_init: tcp mbox: 6[0m
[0;32mI (1739) wifi_init: tcp tx win: 5760[0m
[0;32mI (1739) wifi_init: tcp rx win: 5760[0m
[0;32mI (1749) wifi_init: tcp mss: 1440[0m
[0;32mI (1749) wifi_init: WiFi IRAM OP enabled[0m
[0;32mI (1759) wifi_init: WiFi RX IRAM OP enabled[0m
[0;32mI (1759) wifi:Set ps type: 0, coexist: 0[0m

[0;32mI (1769) phy_init: phy_version 4840,02e0d70,Sep  2 2024,19:39:07[0m
[0;32mI (1839) wifi:mode : sta (bc:dd:c2:c1:a0:d0)[0m
[0;32mI (1849) wifi:enable tsf[0m
[0;32mI (1849) main_app: OTA/diag server started on port 80[0m
[0;32mI (1859) gpio: GPIO[33]| InputEn: 0| OutputEn: 0| OpenDrain: 0| Pullup: 1| Pulldown: 0| Intr:0 [0m
[0;32mI (1859) enhanced_ota: OTA/diag endpoints registered on shared HTTP server[0m
[0;32mI (1869) esp32-cam Webserver: Camera server started on port 81[0m
[0;32mI (1869) esp32-cam Webserver: Initializing camera...[0m
[0;32mI (1879) main_app: Heap(8bit)=4309847  PSRAM=4191340[0m
[0;32mI (1879) gpio: GPIO[25]| InputEn: 1| OutputEn: 0| OpenDrain: 0| Pullup: 1| Pulldown: 0| Intr:2 [0m
[0;32mI (1899) cam_hal: cam init ok[0m
[0;32mI (1899) sccb: pin_sda 26 pin_scl 27[0m
[0;32mI (1899) sccb: sccb_i2c_port=1[0m
[0;32mI (1909) gpio: GPIO[32]| InputEn: 0| OutputEn: 1| OpenDrain: 0| Pullup: 0| Pulldown: 0| Intr:0 [0m
[0;32mI (1949) camera: Detected camera at address=0x30[0m
[0;32mI (1949) camera: Detected OV2640 camera[0m
[0;32mI (1949) camera: Camera PID=0x26 VER=0x42 MIDL=0x7f MIDH=0xa2[0m
ï¿½ets Jun  8 2016 00:22:57

rst:0x3 (SW_RESET),boot:0x13 (SPI_FAST_FLASH_BOOT)
configsip: 0, SPIWP:0xee
clk_drv:0x00,q_drv:0x00,d_drv:0x00,cs0_drv:0x00,hd_drv:0x00,wp_drv:0x00
mode:DIO, clock div:2
load:0x3fff0030,len:7176
load:0x40078000,len:15648
load:0x40080400,len:4
ho 8 tail 4 room 4
load:0x40080404,len:3904
entry 0x40080640
[0;32mI (60) boot: ESP-IDF v5.3.2-dirty 2nd stage bootloader[0m
[0;32mI (60) boot: compile time Jul 29 2025 01:43:21[0m
[0;32mI (60) boot: Multicore bootloader[0m
[0;32mI (65) boot: chip revision: v1.0[0m
[0;32mI (69) boot.esp32: SPI Speed      : 40MHz[0m
[0;32mI (74) boot.esp32: SPI Mode       : DIO[0m
[0;32mI (78) boot.esp32: SPI Flash Size : 4MB[0m
[0;32mI (83) boot: Enabling RNG early entropy source...[0m
[0;32mI (88) boot: Partition Table:[0m
[0;32mI (92) boot: ## Label            Usage          Type ST Offset   Length[0m
[0;32mI (99) boot:  0 nvs              WiFi data        01 02 0000d000 00004000[0m
[0;32mI (107) boot:  1 otadata          OTA data         01 00 00011000 00002000[0m
[0;32mI (114) boot:  2 phy_init         RF data          01 01 00013000 00001000[0m
[0;32mI (122) boot:  3 ota_0            OTA app          00 10 00020000 00150000[0m
[0;32mI (129) boot:  4 ota_1            OTA app          00 11 00170000 00150000[0m
[0;32mI (137) boot: End of partition table[0m
[0;32mI (141) esp_image: segment 0: paddr=00020020 vaddr=3f400020 size=2fe58h (196184) map[0m
[0;32mI (217) esp_image: segment 1: paddr=0004fe80 vaddr=3ffb0000 size=00198h (   408) load[0m
[0;32mI (217) esp_image: segment 2: paddr=00050020 vaddr=400d0020 size=c1ea4h (794276) map[0m
[0;32mI (495) esp_image: segment 3: paddr=00111ecc vaddr=3ffb0198 size=05500h ( 21760) load[0m
[0;32mI (503) esp_image: segment 4: paddr=001173d4 vaddr=40080000 size=1f028h (127016) load[0m
[0;32mI (569) boot: Loaded app from partition at offset 0x20000[0m
[0;32mI (569) boot: Disabling RNG early entropy source...[0m
[0;32mI (581) quad_psram: This chip is ESP32-D0WD[0m
[0;32mI (583) esp_psram: Found 8MB PSRAM device[0m
[0;32mI (583) esp_psram: Speed: 40MHz[0m
[0;32mI (585) esp_psram: PSRAM initialized, cache is in low/high (2-core) mode.[0m
[0;33mW (592) esp_psram: Virtual address not enough for PSRAM, map as much as we can. 4MB is mapped[0m
[0;32mI (601) cpu_start: Multicore app[0m
[0;32mI (1508) esp_psram: SPI SRAM memory test OK[0m
[0;32mI (1516) cpu_start: Pro cpu start user code[0m
[0;32mI (1516) cpu_start: cpu freq: 160000000 Hz[0m
[0;32mI (1516) app_init: Application information:[0m
[0;32mI (1519) app_init: Project name:     esp32_sentry[0m
[0;32mI (1525) app_init: App version:      v5.3.2-dirty[0m
[0;32mI (1530) app_init: Compile time:     Jul 29 2025 01:44:12[0m
[0;32mI (1536) app_init: ELF file SHA256:  4e6c935f7...[0m
[0;32mI (1542) app_init: ESP-IDF:          v5.3.2-dirty[0m
[0;32mI (1547) efuse_init: Min chip rev:     v0.0[0m
[0;32mI (1552) efuse_init: Max chip rev:     v3.99 [0m
[0;32mI (1557) efuse_init: Chip rev:         v1.0[0m
[0;32mI (1562) heap_init: Initializing. RAM available for dynamic allocation:[0m
[0;32mI (1569) heap_init: At 3FFAE6E0 len 00001920 (6 KiB): DRAM[0m
[0;32mI (1575) heap_init: At 3FFBBFA0 len 00024060 (144 KiB): DRAM[0m
[0;32mI (1581) heap_init: At 3FFE0440 len 00003AE0 (14 KiB): D/IRAM[0m
[0;32mI (1588) heap_init: At 3FFE4350 len 0001BCB0 (111 KiB): D/IRAM[0m
[0;32mI (1594) heap_init: At 4009F028 len 00000FD8 (3 KiB): IRAM[0m
[0;32mI (1601) esp_psram: Adding pool of 4096K of PSRAM memory to heap allocator[0m
[0;32mI (1610) spi_flash: detected chip: generic[0m
[0;32mI (1613) spi_flash: flash io: dio[0m
[0;33mW (1617) i2c: This driver is an old driver, please migrate your application code to adapt `driver/i2c_master.h`[0m
[0;32mI (1629) main_task: Started on CPU0[0m
[0;32mI (1639) esp_psram: Reserving pool of 32K of internal memory for DMA/internal allocations[0m
[0;32mI (1639) main_task: Calling app_main()[0m
[0;32mI (1639) main_app: App starting. Initializing NVS...[0m
[0;31mE (1669) task_wdt: esp_task_wdt_init(515): TWDT already initialized[0m
[0;32mI (1679) wifi:wifi driver task: 3ffcbe28, prio:23, stack:6656, core=0[0m
[0;32mI (1679) wifi:wifi firmware version: b0fd6006b[0m
[0;32mI (1679) wifi:wifi certification version: v7.0[0m
[0;32mI (1679) wifi:config NVS flash: enabled[0m
[0;32mI (1679) wifi:config nano formating: disabled[0m
[0;32mI (1689) wifi:Init data frame dynamic rx buffer num: 32[0m
[0;32mI (1689) wifi:Init static rx mgmt buffer num: 5[0m
[0;32mI (1699) wifi:Init management short buffer num: 32[0m
[0;32mI (1699) wifi:Init static tx buffer num: 16[0m
[0;32mI (1709) wifi:Init tx cache buffer num: 32[0m
[0;32mI (1709) wifi:Init static rx buffer size: 1600[0m
[0;32mI (1709) wifi:Init static rx buffer num: 10[0m
[0;32mI (1719) wifi:Init dynamic rx buffer num: 32[0m
[0;32mI (1719) wifi_init: rx ba win: 6[0m
[0;32mI (1719) wifi_init: accept mbox: 6[0m
[0;32mI (1729) wifi_init: tcpip mbox: 32[0m
[0;32mI (1729) wifi_init: udp mbox: 6[0m
[0;32mI (1739) wifi_init: tcp mbox: 6[0m
[0;32mI (1739) wifi_init: tcp tx win: 5760[0m
[0;32mI (1739) wifi_init: tcp rx win: 5760[0m
[0;32mI (1749) wifi_init: tcp mss: 1440[0m
[0;32mI (1749) wifi_init: WiFi IRAM OP enabled[0m
[0;32mI (1759) wifi_init: WiFi RX IRAM OP enabled[0m
[0;32mI (1759) wifi:Set ps type: 0, coexist: 0[0m

[0;32mI (1769) phy_init: phy_version 4840,02e0d70,Sep  2 2024,19:39:07[0m
[0;32mI (1839) wifi:mode : sta (bc:dd:c2:c1:a0:d0)[0m
[0;32mI (1849) wifi:enable tsf[0m
[0;32mI (1859) main_app: OTA/diag server started on port 80[0m
[0;32mI (1859) gpio: GPIO[33]| InputEn: 0| OutputEn: 0| OpenDrain: 0| Pullup: 1| Pulldown: 0| Intr:0 [0m
[0;32mI (1859) enhanced_ota: OTA/diag endpoints registered on shared HTTP server[0m
[0;32mI (1869) esp32-cam Webserver: Camera server started on port 81[0m
[0;32mI (1869) esp32-cam Webserver: Initializing camera...[0m
[0;32mI (1879) main_app: Heap(8bit)=4309847  PSRAM=4191340[0m
[0;32mI (1889) gpio: GPIO[25]| InputEn: 1| OutputEn: 0| OpenDrain: 0| Pullup: 1| Pulldown: 0| Intr:2 [0m
[0;32mI (1899) cam_hal: cam init ok[0m
[0;32mI (1899) sccb: pin_sda 26 pin_scl 27[0m
[0;32mI (1899) sccb: sccb_i2c_port=1[0m
[0;32mI (1909) gpio: GPIO[32]| InputEn: 0| OutputEn: 1| OpenDrain: 0| Pullup: 0| Pulldown: 0| Intr:0 [0m
[0;32mI (1949) camera: Detected camera at address=0x30[0m
[0;32mI (1949) camera: Detected OV2640 camera[0m
[0;32mI (1949) camera: Camera PID=0x26 VER=0x42 MIDL=0x7f MIDH=0xa2[0m
